Component: ARM Compiler 5.06 update 4 (build 422) Tool: armlink [4d35d2]

==============================================================================

Section Cross References

    main.o(i.main) refers to rs232.o(i.usart1_Init) for usart1_Init
    main.o(i.main) refers to rs232.o(i.usart2_Init) for usart2_Init
    main.o(i.main) refers to systick.o(i.SysTick_Init) for SysTick_Init
    main.o(i.main) refers to sampling.o(i.init_sample) for init_sample
    main.o(i.main) refers to led.o(i.LedInit) for LedInit
    main.o(i.main) refers to can.o(i.CAN_Config) for CAN_Config
    main.o(i.main) refers to drive.o(i.Driveinit) for Driveinit
    main.o(i.main) refers to systick.o(i.delay_ms) for delay_ms
    main.o(i.main) refers to rs232.o(i.usart1_Send_Data) for usart1_Send_Data
    main.o(i.main) refers to timer.o(i.Timer3Init) for Timer3Init
    main.o(i.main) refers to drive.o(i.initgait) for initgait
    main.o(i.main) refers to sampling.o(i.OpenSdcardFile) for OpenSdcardFile
    main.o(i.main) refers to gait.o(i.Swim_common_gait) for Swim_common_gait
    main.o(i.main) refers to gait.o(i.Swim_descendcommon_gait) for Swim_descendcommon_gait
    main.o(i.main) refers to gait.o(i.Swim_ascendcommon_gait) for Swim_ascendcommon_gait
    main.o(i.main) refers to gait.o(i.stair_gait) for stair_gait
    main.o(i.main) refers to gait.o(i.Climbing_gait) for Climbing_gait
    main.o(i.main) refers to gait.o(i.Back_gait) for Back_gait
    main.o(i.main) refers to gait.o(i.Climbing_gait2) for Climbing_gait2
    main.o(i.main) refers to gait.o(i.Turning_gait) for Turning_gait
    main.o(i.main) refers to gait.o(i.Tetrapod_gait) for Tetrapod_gait
    main.o(i.main) refers to gait.o(i.Hexapod_gait) for Hexapod_gait
    main.o(i.main) refers to gait.o(i.Tripod_gait) for Tripod_gait
    main.o(i.main) refers to drive_common.o(i.Stop_common) for Stop_common
    main.o(i.main) refers to sampling.o(i.CloseFile) for CloseFile
    main.o(i.main) refers to drive_cpg.o(i.Tri_gait_cpg) for Tri_gait_cpg
    main.o(i.main) refers to drive_cpg.o(i.Tri_gait_cpg_fast) for Tri_gait_cpg_fast
    main.o(i.main) refers to drive_cpg.o(i.Hex_gait_cpg) for Hex_gait_cpg
    main.o(i.main) refers to drive_cpg.o(i.Hex_gait_cpg_fast) for Hex_gait_cpg_fast
    main.o(i.main) refers to rs232.o(.data) for RS232_RX_BUF
    main.o(i.main) refers to drive_common.o(.data) for Gaitflag_common
    main.o(i.main) refers to sampling.o(.data) for sample_flag
    rs232.o(i.USART1_IRQHandler) refers to stm32f10x_usart.o(i.USART_GetITStatus) for USART_GetITStatus
    rs232.o(i.USART1_IRQHandler) refers to stm32f10x_usart.o(i.USART_ReceiveData) for USART_ReceiveData
    rs232.o(i.USART1_IRQHandler) refers to rs232.o(.data) for .data
    rs232.o(i.USART2_IRQHandler) refers to stm32f10x_usart.o(i.USART_GetITStatus) for USART_GetITStatus
    rs232.o(i.USART2_IRQHandler) refers to stm32f10x_usart.o(i.USART_ReceiveData) for USART_ReceiveData
    rs232.o(i.USART2_IRQHandler) refers to rs232.o(.data) for .data
    rs232.o(i.fputc) refers to stm32f10x_usart.o(i.USART_SendData) for USART_SendData
    rs232.o(i.fputc) refers to stm32f10x_usart.o(i.USART_GetFlagStatus) for USART_GetFlagStatus
    rs232.o(i.usart1_Init) refers to stm32f10x_rcc.o(i.RCC_APB2PeriphClockCmd) for RCC_APB2PeriphClockCmd
    rs232.o(i.usart1_Init) refers to stm32f10x_gpio.o(i.GPIO_Init) for GPIO_Init
    rs232.o(i.usart1_Init) refers to stm32f10x_rcc.o(i.RCC_APB2PeriphResetCmd) for RCC_APB2PeriphResetCmd
    rs232.o(i.usart1_Init) refers to stm32f10x_usart.o(i.USART_Init) for USART_Init
    rs232.o(i.usart1_Init) refers to misc.o(i.NVIC_Init) for NVIC_Init
    rs232.o(i.usart1_Init) refers to stm32f10x_usart.o(i.USART_ITConfig) for USART_ITConfig
    rs232.o(i.usart1_Init) refers to stm32f10x_usart.o(i.USART_Cmd) for USART_Cmd
    rs232.o(i.usart1_Send_Data) refers to strlen.o(.text) for strlen
    rs232.o(i.usart1_Send_Data) refers to stm32f10x_usart.o(i.USART_GetFlagStatus) for USART_GetFlagStatus
    rs232.o(i.usart1_Send_Data) refers to stm32f10x_usart.o(i.USART_SendData) for USART_SendData
    rs232.o(i.usart2_Init) refers to stm32f10x_rcc.o(i.RCC_APB1PeriphClockCmd) for RCC_APB1PeriphClockCmd
    rs232.o(i.usart2_Init) refers to stm32f10x_rcc.o(i.RCC_APB2PeriphClockCmd) for RCC_APB2PeriphClockCmd
    rs232.o(i.usart2_Init) refers to stm32f10x_gpio.o(i.GPIO_Init) for GPIO_Init
    rs232.o(i.usart2_Init) refers to stm32f10x_rcc.o(i.RCC_APB1PeriphResetCmd) for RCC_APB1PeriphResetCmd
    rs232.o(i.usart2_Init) refers to stm32f10x_rcc.o(i.RCC_APB2PeriphResetCmd) for RCC_APB2PeriphResetCmd
    rs232.o(i.usart2_Init) refers to stm32f10x_usart.o(i.USART_Init) for USART_Init
    rs232.o(i.usart2_Init) refers to misc.o(i.NVIC_Init) for NVIC_Init
    rs232.o(i.usart2_Init) refers to stm32f10x_usart.o(i.USART_ITConfig) for USART_ITConfig
    rs232.o(i.usart2_Init) refers to stm32f10x_usart.o(i.USART_Cmd) for USART_Cmd
    systick.o(i.SysTick_Init) refers to systick.o(.data) for .data
[...]
    i.Turnleft_common1                       0x08004fd4   Section        0  drive_common.o(i.Turnleft_common1)
    i.Turnleft_common2                       0x080050a0   Section        0  drive_common.o(i.Turnleft_common2)
    i.Turnright_common1                      0x0800516c   Section        0  drive_common.o(i.Turnright_common1)
    i.Turnright_common2                      0x08005238   Section        0  drive_common.o(i.Turnright_common2)
    i.USART1_IRQHandler                      0x08005304   Section        0  rs232.o(i.USART1_IRQHandler)
    i.USART2_IRQHandler                      0x08005330   Section        0  rs232.o(i.USART2_IRQHandler)
    i.USART_Cmd                              0x0800535c   Section        0  stm32f10x_usart.o(i.USART_Cmd)
    i.USART_GetFlagStatus                    0x08005370   Section        0  stm32f10x_usart.o(i.USART_GetFlagStatus)
    i.USART_GetITStatus                      0x0800537e   Section        0  stm32f10x_usart.o(i.USART_GetITStatus)
    i.USART_ITConfig                         0x080053bc   Section        0  stm32f10x_usart.o(i.USART_ITConfig)
    i.USART_Init                             0x080053ec   Section        0  stm32f10x_usart.o(i.USART_Init)
    i.USART_ReceiveData                      0x08005498   Section        0  stm32f10x_usart.o(i.USART_ReceiveData)
    i.USART_SendData                         0x080054a0   Section        0  stm32f10x_usart.o(i.USART_SendData)
    i.USB_LP_CAN1_RX0_IRQHandler             0x080054a8   Section        0  can.o(i.USB_LP_CAN1_RX0_IRQHandler)
    i.__0sprintf$1                           0x08005528   Section        0  printf1.o(i.__0sprintf$1)
    i.__ARM_fpclassify                       0x08005550   Section        0  fpclassify.o(i.__ARM_fpclassify)
    i.__ieee754_rem_pio2                     0x08005578   Section        0  rred.o(i.__ieee754_rem_pio2)
    i.__kernel_cos                           0x08005900   Section        0  cos_i.o(i.__kernel_cos)
    i.__kernel_poly                          0x080059fc   Section        0  poly.o(i.__kernel_poly)
    i.__kernel_sin                           0x08005aa8   Section        0  sin_i.o(i.__kernel_sin)
    i.__mathlib_dbl_infnan                   0x08005b94   Section        0  dunder.o(i.__mathlib_dbl_infnan)
    i.__mathlib_dbl_invalid                  0x08005b9a   Section        0  dunder.o(i.__mathlib_dbl_invalid)
    i.__mathlib_dbl_underflow                0x08005ba8   Section        0  dunder.o(i.__mathlib_dbl_underflow)
    i.__scatterload_copy                     0x08005bb8   Section       14  handlers.o(i.__scatterload_copy)
    i.__scatterload_null                     0x08005bc6   Section        2  handlers.o(i.__scatterload_null)
    i.__scatterload_zeroinit                 0x08005bc8   Section       14  handlers.o(i.__scatterload_zeroinit)
    i.__set_errno                            0x08005bd8   Section        0  errno.o(i.__set_errno)
    i._printf_core                           0x08005be4   Section        0  printf1.o(i._printf_core)
    _printf_core                             0x08005be5   Thumb Code   336  printf1.o(i._printf_core)
    i._sputc                                 0x08005d38   Section        0  printf1.o(i._sputc)
    _sputc                                   0x08005d39   Thumb Code    10  printf1.o(i._sputc)
    i.check_fs                               0x08005d44   Section        0  ff.o(i.check_fs)
    check_fs                                 0x08005d45   Thumb Code    86  ff.o(i.check_fs)
    i.chk_chr                                0x08005da0   Section        0  ff.o(i.chk_chr)
    chk_chr                                  0x08005da1   Thumb Code    16  ff.o(i.chk_chr)
    i.climbing_init                          0x08005db0   Section        0  drive_common.o(i.climbing_init)
    i.clust2sect                             0x08005e7c   Section        0  ff.o(i.clust2sect)
    i.cos                                    0x08005e94   Section        0  cos.o(i.cos)
    i.create_chain                           0x08005f30   Section        0  ff.o(i.create_chain)
    create_chain                             0x08005f31   Thumb Code   158  ff.o(i.create_chain)
    i.create_name                            0x08005fd0   Section        0  ff.o(i.create_name)
    create_name                              0x08005fd1   Thumb Code   558  ff.o(i.create_name)
    i.delay_ms                               0x08006214   Section        0  systick.o(i.delay_ms)
    i.dir_find                               0x0800623c   Section        0  ff.o(i.dir_find)
    dir_find                                 0x0800623d   Thumb Code   306  ff.o(i.dir_find)
    i.dir_next                               0x08006374   Section        0  ff.o(i.dir_next)
    dir_next                                 0x08006375   Thumb Code   230  ff.o(i.dir_next)
    i.dir_register                           0x0800645c   Section        0  ff.o(i.dir_register)
    dir_register                             0x0800645d   Thumb Code   418  ff.o(i.dir_register)
    i.dir_sdi                                0x08006604   Section        0  ff.o(i.dir_sdi)
    dir_sdi                                  0x08006605   Thumb Code   126  ff.o(i.dir_sdi)
    i.disk_initialize                        0x08006682   Section        0  diskio.o(i.disk_initialize)
    i.disk_ioctl                             0x08006692   Section        0  diskio.o(i.disk_ioctl)
    i.disk_read                              0x08006698   Section        0  diskio.o(i.disk_read)
    i.disk_status                            0x080066d0   Section        0  diskio.o(i.disk_status)
    i.disk_write                             0x080066d4   Section        0  diskio.o(i.disk_write)
    i.f_close                                0x0800670c   Section        0  ff.o(i.f_close)
    i.f_lseek                                0x08006728   Section        0  ff.o(i.f_lseek)
    i.f_mount                                0x08006858   Section        0  ff.o(i.f_mount)
    i.f_open                                 0x080068a4   Section        0  ff.o(i.f_open)
    i.f_sync                                 0x080069e4   Section        0  ff.o(i.f_sync)
    i.f_write                                0x08006a7c   Section        0  ff.o(i.f_write)
    i.ff_convert                             0x08006bfc   Section        0  cc936.o(i.ff_convert)
    i.ff_wtoupper                            0x08006c48   Section        0  cc936.o(i.ff_wtoupper)
    i.find_volume                            0x08006c98   Section        0  ff.o(i.find_volume)
    find_volume                              0x08006c99   Thumb Code   554  ff.o(i.find_volume)
    i.follow_path                            0x08006ed0   Section        0  ff.o(i.follow_path)
    follow_path                              0x08006ed1   Thumb Code   102  ff.o(i.follow_path)
    i.gen_numname                            0x08006f38   Section        0  ff.o(i.gen_numname)
    gen_numname                              0x08006f39   Thumb Code   136  ff.o(i.gen_numname)
    i.get_fat                                0x08006fc4   Section        0  ff.o(i.get_fat)
    i.get_fattime                            0x0800707a   Section        0  diskio.o(i.get_fattime)
    i.get_ldnumber                           0x0800707e   Section        0  ff.o(i.get_ldnumber)
    get_ldnumber                             0x0800707f   Thumb Code    60  ff.o(i.get_ldnumber)
    i.hopf_func                              0x080070bc   Section        0  cpg.o(i.hopf_func)
    i.init_buffer                            0x08007280   Section        0  sampling.o(i.init_buffer)
    i.init_sample                            0x080072ac   Section        0  sampling.o(i.init_sample)
    i.initgait                               0x08007330   Section        0  drive.o(i.initgait)
    i.landmotion_cpg                         0x0800749c   Section        0  drive_cpg.o(i.landmotion_cpg)
    i.ld_clust                               0x08007568   Section        0  ff.o(i.ld_clust)
    ld_clust                                 0x08007569   Thumb Code    18  ff.o(i.ld_clust)
    i.main                                   0x0800757c   Section        0  main.o(i.main)
    i.mem_cpy                                0x08007840   Section        0  ff.o(i.mem_cpy)
    mem_cpy                                  0x08007841   Thumb Code    18  ff.o(i.mem_cpy)
    i.mem_set                                0x08007852   Section        0  ff.o(i.mem_set)
    mem_set                                  0x08007853   Thumb Code    14  ff.o(i.mem_set)
    i.move_window                            0x08007860   Section        0  ff.o(i.move_window)
    move_window                              0x08007861   Thumb Code    46  ff.o(i.move_window)
    i.put_fat                                0x08007890   Section        0  ff.o(i.put_fat)
    i.remove_chain                           0x0800798a   Section        0  ff.o(i.remove_chain)
    remove_chain                             0x0800798b   Thumb Code    98  ff.o(i.remove_chain)
    i.sin                                    0x080079ec   Section        0  sin.o(i.sin)
    i.st_clust                               0x08007a8c   Section        0  ff.o(i.st_clust)
    st_clust                                 0x08007a8d   Thumb Code    16  ff.o(i.st_clust)
    i.stair_common1                          0x08007a9c   Section        0  drive_common.o(i.stair_common1)
    i.stair_finish                           0x08007b84   Section        0  drive_common.o(i.stair_finish)
    i.stair_gait                             0x08007c40   Section        0  gait.o(i.stair_gait)
    i.stair_init                             0x08007c84   Section        0  drive_common.o(i.stair_init)
    i.sum_sfn                                0x08007d40   Section        0  ff.o(i.sum_sfn)
    sum_sfn                                  0x08007d41   Thumb Code    26  ff.o(i.sum_sfn)
    i.sync_fs                                0x08007d5a   Section        0  ff.o(i.sync_fs)
    sync_fs                                  0x08007d5b   Thumb Code   176  ff.o(i.sync_fs)
    i.sync_window                            0x08007e0a   Section        0  ff.o(i.sync_window)
    sync_window                              0x08007e0b   Thumb Code    80  ff.o(i.sync_window)
    i.usart1_Init                            0x08007e5c   Section        0  rs232.o(i.usart1_Init)
    i.usart1_Send_Data                       0x08007f14   Section        0  rs232.o(i.usart1_Send_Data)
    i.usart2_Init                            0x08007f58   Section        0  rs232.o(i.usart2_Init)
    i.validate                               0x08008014   Section        0  ff.o(i.validate)
    validate                                 0x08008015   Thumb Code    38  ff.o(i.validate)
    .constdata                               0x0800803a   Section    176320  cc936.o(.constdata)
    uni2oem                                  0x0800803a   Data       87172  cc936.o(.constdata)
    oem2uni                                  0x0801d4be   Data       87172  cc936.o(.constdata)
    lower                                    0x08032942   Data         988  cc936.o(.constdata)
    upper                                    0x08032d1e   Data         988  cc936.o(.constdata)
    .constdata                               0x080330fa   Section       13  ff.o(.constdata)
    LfnOfs                                   0x080330fa   Data          13  ff.o(.constdata)
    .constdata                               0x08033108   Section       48  cos_i.o(.constdata)
    C                                        0x08033108   Data          48  cos_i.o(.constdata)
    .constdata                               0x08033138   Section      200  rred.o(.constdata)
    pio2s                                    0x08033138   Data          48  rred.o(.constdata)
    twooverpi                                0x08033168   Data         152  rred.o(.constdata)
    .constdata                               0x08033200   Section       40  sin_i.o(.constdata)
    S                                        0x08033200   Data          40  sin_i.o(.constdata)
    .data                                    0x20000000   Section        3  rs232.o(.data)
    .data                                    0x20000004   Section        4  systick.o(.data)
    fac_us                                   0x20000004   Data           1  systick.o(.data)
    fac_ms                                   0x20000006   Data           2  systick.o(.data)
    .data                                    0x20000008   Section       36  can.o(.data)
    .data                                    0x2000002c   Section        1  drive.o(.data)
    .data                                    0x2000002d   Section        1  drive_common.o(.data)
    .data                                    0x2000002e   Section        1  drive_common.o(.data)
    .data                                    0x2000002f   Section        1  drive_common.o(.data)
    .data                                    0x20000030   Section       80  cpg.o(.data)
    .data                                    0x20000080   Section       72  drive_cpg.o(.data)
    .data                                    0x200000c8   Section        8  ff.o(.data)
    Fsid                                     0x200000c8   Data           2  ff.o(.data)
    FatFs                                    0x200000cc   Data           4  ff.o(.data)
    .data                                    0x200000d0   Section       20  sdio_sdcard.o(.data)
    CardType                                 0x200000d4   Data           4  sdio_sdcard.o(.data)
    RCA                                      0x200000d8   Data           4  sdio_sdcard.o(.data)
    .data                                    0x200000e4   Section        1  sampling.o(.data)
    .data                                    0x200000e8   Section       12  sampling.o(.data)
    .data                                    0x200000f4   Section       20  stm32f10x_rcc.o(.data)
    ADCPrescTable                            0x200000f4   Data           4  stm32f10x_rcc.o(.data)
    APBAHBPrescTable                         0x200000f8   Data          16  stm32f10x_rcc.o(.data)
    .data                                    0x20000108   Section        4  errno.o(.data)
    _errno                                   0x20000108   Data           4  errno.o(.data)
    .bss                                     0x2000010c   Section       40  can.o(.bss)
    .bss                                     0x20000134   Section      196  sdio_sdcard.o(.bss)
    CSD_Tab                                  0x20000134   Data          16  sdio_sdcard.o(.bss)
    CID_Tab                                  0x20000144   Data          16  sdio_sdcard.o(.bss)
    SDSTATUS_Tab                             0x20000154   Data          16  sdio_sdcard.o(.bss)
    .bss                                     0x200001f8   Section     5528  sampling.o(.bss)
    STACK                                    0x20001790   Section     1024  startup_stm32f10x_hd.o(STACK)

    Global Symbols

    Symbol Name                              Value     Ov Type        Size  Object(Section)

    BuildAttributes$$THM_ISAv4$P$D$K$B$S$PE$A:L22UL41UL21$X:L11$S22US41US21$IEEE1$IW$USESV6$~STKCKD$USESV7$~SHL$OTIME$ROPI$IEEEX$EBA8$MICROLIB$REQ8$PRES8$EABIv2 0x00000000   Number         0  anon$$obj.o ABSOLUTE
    __ARM_use_no_argv                        0x00000000   Number         0  main.o ABSOLUTE
    _printf_a                                0x00000000   Number         0  stubs.o ABSOLUTE
    _printf_c                                0x00000000   Number         0  stubs.o ABSOLUTE
    _printf_charcount                        0x00000000   Number         0  stubs.o ABSOLUTE
    _printf_d                                0x00000000   Number         0  stubs.o ABSOLUTE
    _printf_e                                0x00000000   Number         0  stubs.o ABSOLUTE
    _printf_f                                0x00000000   Number         0  stubs.o ABSOLUTE
    _printf_flags                            0x00000000   Number         0  stubs.o ABSOLUTE
    _printf_fp_dec                           0x00000000   Number         0  stubs.o ABSOLUTE
    _printf_fp_hex                           0x00000000   Number         0  stubs.o ABSOLUTE
    _printf_g                                0x00000000   Number         0  stubs.o ABSOLUTE
    _printf_i                                0x00000000   Number         0  stubs.o ABSOLUTE
    _printf_int_dec                          0x00000000   Number         0  stubs.o ABSOLUTE
    _printf_l                                0x00000000   Number         0  stubs.o ABSOLUTE
    _printf_lc                               0x00000000   Number         0  stubs.o ABSOLUTE
    _printf_ll                               0x00000000   Number         0  stubs.o ABSOLUTE
    _printf_lld                              0x00000000   Number         0  stubs.o ABSOLUTE
    _printf_lli                              0x00000000   Number         0  stubs.o ABSOLUTE
    _printf_llo                              0x00000000   Number         0  stubs.o ABSOLUTE
    _printf_llu                              0x00000000   Number         0  stubs.o ABSOLUTE
    _printf_llx                              0x00000000   Number         0  stubs.o ABSOLUTE
    _printf_longlong_dec                     0x00000000   Number         0  stubs.o ABSOLUTE
    _printf_longlong_hex                     0x00000000   Number         0  stubs.o ABSOLUTE
    _printf_longlong_oct                     0x00000000   Number         0  stubs.o ABSOLUTE
    _printf_ls                               0x00000000   Number         0  stubs.o ABSOLUTE
    _printf_mbtowc                           0x00000000   Number         0  stubs.o ABSOLUTE
    _printf_n                                0x00000000   Number         0  stubs.o ABSOLUTE
    _printf_o                                0x00000000   Number         0  stubs.o ABSOLUTE
    _printf_p                                0x00000000   Number         0  stubs.o ABSOLUTE
    _printf_percent                          0x00000000   Number         0  stubs.o ABSOLUTE
    _printf_pre_padding                      0x00000000   Number         0  stubs.o ABSOLUTE
    _printf_return_value                     0x00000000   Number         0  stubs.o ABSOLUTE
    _printf_s                                0x00000000   Number         0  stubs.o ABSOLUTE
    _printf_sizespec                         0x00000000   Number         0  stubs.o ABSOLUTE
    _printf_str                              0x00000000   Number         0  stubs.o ABSOLUTE
    _printf_truncate_signed                  0x00000000   Number         0  stubs.o ABSOLUTE
    _printf_truncate_unsigned                0x00000000   Number         0  stubs.o ABSOLUTE
    _printf_u                                0x00000000   Number         0  stubs.o ABSOLUTE
    _printf_wc                               0x00000000   Number         0  stubs.o ABSOLUTE
    _printf_wctomb                           0x00000000   Number         0  stubs.o ABSOLUTE
    _printf_widthprec                        0x00000000   Number         0  stubs.o ABSOLUTE
    _printf_x                                0x00000000   Number         0  stubs.o ABSOLUTE
    __cpp_initialize__aeabi_                  - Undefined Weak Reference
    __cxa_finalize                            - Undefined Weak Reference
    __decompress                              - Undefined Weak Reference
    _clock_init                               - Undefined Weak Reference
    _microlib_exit                            - Undefined Weak Reference
    __Vectors_Size                           0x00000130   Number         0  startup_stm32f10x_hd.o ABSOLUTE
    __Vectors                                0x08000000   Data           4  startup_stm32f10x_hd.o(RESET)
    __Vectors_End                            0x08000130   Data           0  startup_stm32f10x_hd.o(RESET)
    __main                                   0x08000131   Thumb Code     0  entry.o(.ARM.Collect$$$$00000000)
    _main_stk                                0x08000131   Thumb Code     0  entry2.o(.ARM.Collect$$$$00000001)
    _main_scatterload                        0x08000135   Thumb Code     0  entry5.o(.ARM.Collect$$$$00000004)
    __main_after_scatterload                 0x08000139   Thumb Code     0  entry5.o(.ARM.Collect$$$$00000004)
    _main_clock                              0x08000139   Thumb Code     0  entry7b.o(.ARM.Collect$$$$00000008)
    _main_cpp_init                           0x08000139   Thumb Code     0  entry8b.o(.ARM.Collect$$$$0000000A)
    _main_init                               0x08000139   Thumb Code     0  entry9a.o(.ARM.Collect$$$$0000000B)
    __rt_final_cpp                           0x08000141   Thumb Code     0  entry10a.o(.ARM.Collect$$$$0000000D)
    __rt_final_exit                          0x08000141   Thumb Code     0  entry11a.o(.ARM.Collect$$$$0000000F)
    Reset_Handler                            0x08000145   Thumb Code     8  startup_stm32f10x_hd.o(.text)
    NMI_Handler                              0x0800014d   Thumb Code     2  startup_stm32f10x_hd.o(.text)
    HardFault_Handler                        0x0800014f   Thumb Code     2  startup_stm32f10x_hd.o(.text)
    MemManage_Handler                        0x08000151   Thumb Code     2  startup_stm32f10x_hd.o(.text)
    BusFault_Handler                         0x08000153   Thumb Code     2  startup_stm32f10x_hd.o(.text)
    UsageFault_Handler                       0x08000155   Thumb Code     2  startup_stm32f10x_hd.o(.text)
    SVC_Handler                              0x08000157   Thumb Code     2  startup_stm32f10x_hd.o(.text)
    DebugMon_Handler                         0x08000159   Thumb Code     2  startup_stm32f10x_hd.o(.text)
    PendSV_Handler                           0x0800015b   Thumb Code     2  startup_stm32f10x_hd.o(.text)
    SysTick_Handler                          0x0800015d   Thumb Code     2  startup_stm32f10x_hd.o(.text)
    ADC1_2_IRQHandler                        0x0800015f   Thumb Code     0  startup_stm32f10x_hd.o(.text)
    ADC3_IRQHandler                          0x0800015f   Thumb Code     0  startup_stm32f10x_hd.o(.text)
    CAN1_RX1_IRQHandler                      0x0800015f   Thumb Code     0  startup_stm32f10x_hd.o(.text)
    CAN1_SCE_IRQHandler                      0x0800015f   Thumb Code     0  startup_stm32f10x_hd.o(.text)
    DMA1_Channel1_IRQHandler                 0x0800015f   Thumb Code     0  startup_stm32f10x_hd.o(.text)
    DMA1_Channel2_IRQHandler                 0x0800015f   Thumb Code     0  startup_stm32f10x_hd.o(.text)
    DMA1_Channel3_IRQHandler                 0x0800015f   Thumb Code     0  startup_stm32f10x_hd.o(.text)
    DMA1_Channel4_IRQHandler                 0x0800015f   Thumb Code     0  startup_stm32f10x_hd.o(.text)
    DMA1_Channel5_IRQHandler                 0x0800015f   Thumb Code     0  startup_stm32f10x_hd.o(.text)
    DMA1_Channel6_IRQHandler                 0x0800015f   Thumb Code     0  startup_stm32f10x_hd.o(.text)
    DMA1_Channel7_IRQHandler                 0x0800015f   Thumb Code     0  startup_stm32f10x_hd.o(.text)
    DMA2_Channel1_IRQHandler                 0x0800015f   Thumb Code     0  startup_stm32f10x_hd.o(.text)
    DMA2_Channel2_IRQHandler                 0x0800015f   Thumb Code     0  startup_stm32f10x_hd.o(.text)
    DMA2_Channel3_IRQHandler                 0x0800015f   Thumb Code     0  startup_stm32f10x_hd.o(.text)
    DMA2_Channel4_5_IRQHandler               0x0800015f   Thumb Code     0  startup_stm32f10x_hd.o(.text)
    EXTI0_IRQHandler                         0x0800015f   Thumb Code     0  startup_stm32f10x_hd.o(.text)
    EXTI15_10_IRQHandler                     0x0800015f   Thumb Code     0  startup_stm32f10x_hd.o(.text)
    EXTI1_IRQHandler                         0x0800015f   Thumb Code     0  startup_stm32f10x_hd.o(.text)
    EXTI2_IRQHandler                         0x0800015f   Thumb Code     0  startup_stm32f10x_hd.o(.text)
    EXTI3_IRQHandler                         0x0800015f   Thumb Code     0  startup_stm32f10x_hd.o(.text)
    EXTI4_IRQHandler                         0x0800015f   Thumb Code     0  startup_stm32f10x_hd.o(.text)
    EXTI9_5_IRQHandler                       0x0800015f   Thumb Code     0  startup_stm32f10x_hd.o(.text)
    FLASH_IRQHandler                         0x0800015f   Thumb Code     0  startup_stm32f10x_hd.o(.text)
    FSMC_IRQHandler                          0x0800015f   Thumb Code     0  startup_stm32f10x_hd.o(.text)
    I2C1_ER_IRQHandler                       0x0800015f   Thumb Code     0  startup_stm32f10x_hd.o(.text)
    I2C1_EV_IRQHandler                       0x0800015f   Thumb Code     0  startup_stm32f10x_hd.o(.text)
    I2C2_ER_IRQHandler                       0x0800015f   Thumb Code     0  startup_stm32f10x_hd.o(.text)
    I2C2_EV_IRQHandler                       0x0800015f   Thumb Code     0  startup_stm32f10x_hd.o(.text)
    PVD_IRQHandler                           0x0800015f   Thumb Code     0  startup_stm32f10x_hd.o(.text)
    RCC_IRQHandler                           0x0800015f   Thumb Code     0  startup_stm32f10x_hd.o(.text)
    RTCAlarm_IRQHandler                      0x0800015f   Thumb Code     0  startup_stm32f10x_hd.o(.text)
    RTC_IRQHandler                           0x0800015f   Thumb Code     0  startup_stm32f10x_hd.o(.text)
    SPI1_IRQHandler                          0x0800015f   Thumb Code     0  startup_stm32f10x_hd.o(.text)
    SPI2_IRQHandler                          0x0800015f   Thumb Code     0  startup_stm32f10x_hd.o(.text)
    SPI3_IRQHandler                          0x0800015f   Thumb Code     0  startup_stm32f10x_hd.o(.text)
    TAMPER_IRQHandler                        0x0800015f   Thumb Code     0  startup_stm32f10x_hd.o(.text)
    TIM1_BRK_IRQHandler                      0x0800015f   Thumb Code     0  startup_stm32f10x_hd.o(.text)
    TIM1_CC_IRQHandler                       0x0800015f   Thumb Code     0  startup_stm32f10x_hd.o(.text)
    TIM1_TRG_COM_IRQHandler                  0x0800015f   Thumb Code     0  startup_stm32f10x_hd.o(.text)
    TIM1_UP_IRQHandler                       0x0800015f   Thumb Code     0  startup_stm32f10x_hd.o(.text)
    TIM2_IRQHandler                          0x0800015f   Thumb Code     0  startup_stm32f10x_hd.o(.text)
    TIM4_IRQHandler                          0x0800015f   Thumb Code     0  startup_stm32f10x_hd.o(.text)
    TIM5_IRQHandler                          0x0800015f   Thumb Code     0  startup_stm32f10x_hd.o(.text)
    TIM6_IRQHandler                          0x0800015f   Thumb Code     0  startup_stm32f10x_hd.o(.text)
    TIM7_IRQHandler                          0x0800015f   Thumb Code     0  startup_stm32f10x_hd.o(.text)
    TIM8_BRK_IRQHandler                      0x0800015f   Thumb Code     0  startup_stm32f10x_hd.o(.text)
    TIM8_CC_IRQHandler                       0x0800015f   Thumb Code     0  startup_stm32f10x_hd.o(.text)
    TIM8_TRG_COM_IRQHandler                  0x0800015f   Thumb Code     0  startup_stm32f10x_hd.o(.text)
    TIM8_UP_IRQHandler                       0x0800015f   Thumb Code     0  startup_stm32f10x_hd.o(.text)
    UART4_IRQHandler                         0x0800015f   Thumb Code     0  startup_stm32f10x_hd.o(.text)
    UART5_IRQHandler                         0x0800015f   Thumb Code     0  startup_stm32f10x_hd.o(.text)
    USART3_IRQHandler                        0x0800015f   Thumb Code     0  startup_stm32f10x_hd.o(.text)
    USBWakeUp_IRQHandler                     0x0800015f   Thumb Code     0  startup_stm32f10x_hd.o(.text)
    USB_HP_CAN1_TX_IRQHandler                0x0800015f   Thumb Code     0  startup_stm32f10x_hd.o(.text)
    WWDG_IRQHandler                          0x0800015f   Thumb Code     0  startup_stm32f10x_hd.o(.text)
    strlen                                   0x08000169   Thumb Code    14  strlen.o(.text)
    __aeabi_fadd                             0x08000177   Thumb Code   164  fadd.o(.text)
    __aeabi_fsub                             0x0800021b   Thumb Code     6  fadd.o(.text)
    __aeabi_frsub                            0x08000221   Thumb Code     6  fadd.o(.text)
    __aeabi_fmul                             0x08000227   Thumb Code   100  fmul.o(.text)
    __aeabi_fdiv                             0x0800028b   Thumb Code   124  fdiv.o(.text)
    __ARM_scalbnf                            0x08000307   Thumb Code    24  fscalb.o(.text)
    scalbnf                                  0x08000307   Thumb Code     0  fscalb.o(.text)
    __aeabi_dadd                             0x0800031f   Thumb Code   322  dadd.o(.text)
    __aeabi_dsub                             0x08000461   Thumb Code     6  dadd.o(.text)
    __aeabi_drsub                            0x08000467   Thumb Code     6  dadd.o(.text)
    __aeabi_dmul                             0x0800046d   Thumb Code   228  dmul.o(.text)
    __aeabi_ui2f                             0x08000551   Thumb Code    10  ffltui.o(.text)
    __aeabi_f2uiz                            0x0800055b   Thumb Code    40  ffixui.o(.text)
    __aeabi_d2uiz                            0x08000583   Thumb Code    50  dfixui.o(.text)
    __aeabi_f2d                              0x080005b5   Thumb Code    38  f2d.o(.text)
    __aeabi_d2f                              0x080005db   Thumb Code    56  d2f.o(.text)
    __aeabi_cfcmpeq                          0x08000615   Thumb Code     0  cfcmple.o(.text)
    __aeabi_cfcmple                          0x08000615   Thumb Code    20  cfcmple.o(.text)
    __aeabi_cfrcmple                         0x08000629   Thumb Code    20  cfrcmple.o(.text)
    __aeabi_uidiv                            0x0800063d   Thumb Code     0  uidiv.o(.text)
    __aeabi_uidivmod                         0x0800063d   Thumb Code    44  uidiv.o(.text)
    __aeabi_llsl                             0x08000669   Thumb Code    30  llshl.o(.text)
    _ll_shift_l                              0x08000669   Thumb Code     0  llshl.o(.text)
    __aeabi_llsr                             0x08000687   Thumb Code    32  llushr.o(.text)
    _ll_ushift_r                             0x08000687   Thumb Code     0  llushr.o(.text)
    __aeabi_lasr                             0x080006a7   Thumb Code    36  llsshr.o(.text)
    _ll_sshift_r                             0x080006a7   Thumb Code     0  llsshr.o(.text)
    __I$use$fp                               0x080006cb   Thumb Code     0  iusefp.o(.text)
    _float_round                             0x080006cb   Thumb Code    18  fepilogue.o(.text)
    _float_epilogue                          0x080006dd   Thumb Code    92  fepilogue.o(.text)
    _double_round                            0x08000739   Thumb Code    30  depilogue.o(.text)
    _double_epilogue                         0x08000757   Thumb Code   156  depilogue.o(.text)
    __aeabi_ddiv                             0x080007f3   Thumb Code   222  ddiv.o(.text)
    __scatterload                            0x080008d1   Thumb Code    28  init.o(.text)
    __scatterload_rt2                        0x080008d1   Thumb Code     0  init.o(.text)
    __ARM_scalbn                             0x080008f5   Thumb Code    46  dscalb.o(.text)
    scalbn                                   0x080008f5   Thumb Code     0  dscalb.o(.text)
    __aeabi_i2d                              0x08000923   Thumb Code    34  dflti.o(.text)
    __aeabi_ui2d                             0x08000945   Thumb Code    26  dfltui.o(.text)
    __aeabi_d2iz                             0x0800095f   Thumb Code    62  dfixi.o(.text)
    Back_gait                                0x0800099d   Thumb Code    86  gait.o(i.Back_gait)
    Back_hex_common1                         0x08000a01   Thumb Code   188  drive_common.o(i.Back_hex_common1)
    Back_hex_common2                         0x08000ac5   Thumb Code   188  drive_common.o(i.Back_hex_common2)
    Back_tri_common1                         0x08000b89   Thumb Code   190  drive_common.o(i.Back_tri_common1)
    Back_tri_common2                         0x08000c55   Thumb Code   190  drive_common.o(i.Back_tri_common2)
    CAN_Config                               0x08000d21   Thumb Code   244  can.o(i.CAN_Config)
    CAN_DeInit                               0x08000e1d   Thumb Code    38  stm32f10x_can.o(i.CAN_DeInit)
    CAN_FIFORelease                          0x08000e49   Thumb Code    22  stm32f10x_can.o(i.CAN_FIFORelease)
    CAN_FilterInit                           0x08000e61   Thumb Code   194  stm32f10x_can.o(i.CAN_FilterInit)
    CAN_ITConfig                             0x08000f2d   Thumb Code    16  stm32f10x_can.o(i.CAN_ITConfig)
    CAN_Init                                 0x08000f3d   Thumb Code   232  stm32f10x_can.o(i.CAN_Init)
    CAN_Receive                              0x08001025   Thumb Code   144  stm32f10x_can.o(i.CAN_Receive)
    CAN_SetMsg                               0x080010b5   Thumb Code    44  can.o(i.CAN_SetMsg)
    CAN_StructInit                           0x080010e5   Thumb Code    32  stm32f10x_can.o(i.CAN_StructInit)
    CAN_Transmit                             0x08001105   Thumb Code   156  stm32f10x_can.o(i.CAN_Transmit)
    Climbing2_common1                        0x080011a5   Thumb Code   196  drive_common.o(i.Climbing2_common1)
    Climbing2_common2                        0x0800127d   Thumb Code   196  drive_common.o(i.Climbing2_common2)
    Climbing2_finish                         0x08001355   Thumb Code   194  drive_common.o(i.Climbing2_finish)
    Climbing_common1                         0x08001421   Thumb Code   206  drive_common.o(i.Climbing_common1)
    Climbing_common2                         0x0800150d   Thumb Code   206  drive_common.o(i.Climbing_common2)
    Climbing_gait                            0x080015f5   Thumb Code    58  gait.o(i.Climbing_gait)
    Climbing_gait2                           0x0800163d   Thumb Code    70  gait.o(i.Climbing_gait2)
    CloseFile                                0x08001691   Thumb Code    60  sampling.o(i.CloseFile)
    DMA_ClearFlag                            0x080017b1   Thumb Code    16  stm32f10x_dma.o(i.DMA_ClearFlag)
    DMA_Cmd                                  0x080017c9   Thumb Code    22  stm32f10x_dma.o(i.DMA_Cmd)
    DMA_GetFlagStatus                        0x080017e1   Thumb Code    24  stm32f10x_dma.o(i.DMA_GetFlagStatus)
    DMA_Init                                 0x08001801   Thumb Code    58  stm32f10x_dma.o(i.DMA_Init)
    Drive_cpg                                0x0800183d   Thumb Code   246  drive_cpg.o(i.Drive_cpg)
    Driveinit                                0x08001949   Thumb Code   674  drive.o(i.Driveinit)
    EnableMotor                              0x08001c25   Thumb Code    54  drive.o(i.EnableMotor)
    GPIO_Init                                0x08001da5   Thumb Code   162  stm32f10x_gpio.o(i.GPIO_Init)
    GPIO_PinRemapConfig                      0x08001e49   Thumb Code    82  stm32f10x_gpio.o(i.GPIO_PinRemapConfig)
    GPIO_ResetBits                           0x08001ea1   Thumb Code     4  stm32f10x_gpio.o(i.GPIO_ResetBits)
    GPIO_SetBits                             0x08001ea5   Thumb Code     4  stm32f10x_gpio.o(i.GPIO_SetBits)
    Halt                                     0x08001ea9   Thumb Code    28  drive.o(i.Halt)
    Hex_Swimcommon                           0x08001ed5   Thumb Code   192  drive_common.o(i.Hex_Swimcommon)
    Hex_Tetrcommon                           0x08001fa1   Thumb Code   184  drive_common.o(i.Hex_Tetrcommon)
    Hex_Tricommon                            0x08002061   Thumb Code   104  drive_common.o(i.Hex_Tricommon)
    Hex_common1                              0x080020d1   Thumb Code   222  drive_common.o(i.Hex_common1)
    Hex_common2                              0x080021c1   Thumb Code   222  drive_common.o(i.Hex_common2)
    Hex_gait_cpg                             0x080022b1   Thumb Code    58  drive_cpg.o(i.Hex_gait_cpg)
    Hex_gait_cpg_fast                        0x080022fd   Thumb Code    54  drive_cpg.o(i.Hex_gait_cpg_fast)
    Hexapod_gait                             0x08002349   Thumb Code   132  gait.o(i.Hexapod_gait)
    LedInit                                  0x080023e5   Thumb Code    74  led.o(i.LedInit)
    NVIC_Configuration                       0x08002439   Thumb Code    40  sdio_sdcard.o(i.NVIC_Configuration)
    NVIC_Init                                0x08002461   Thumb Code    94  misc.o(i.NVIC_Init)
    NVIC_PriorityGroupConfig                 0x080024c5   Thumb Code    10  misc.o(i.NVIC_PriorityGroupConfig)
    OpenSdcardFile                           0x080024d9   Thumb Code   332  sampling.o(i.OpenSdcardFile)
    RCC_AHBPeriphClockCmd                    0x080026dd   Thumb Code    18  stm32f10x_rcc.o(i.RCC_AHBPeriphClockCmd)
    RCC_APB1PeriphClockCmd                   0x080026f5   Thumb Code    18  stm32f10x_rcc.o(i.RCC_APB1PeriphClockCmd)
    RCC_APB1PeriphResetCmd                   0x0800270d   Thumb Code    18  stm32f10x_rcc.o(i.RCC_APB1PeriphResetCmd)
    RCC_APB2PeriphClockCmd                   0x08002725   Thumb Code    18  stm32f10x_rcc.o(i.RCC_APB2PeriphClockCmd)
    RCC_APB2PeriphResetCmd                   0x0800273d   Thumb Code    18  stm32f10x_rcc.o(i.RCC_APB2PeriphResetCmd)
    RCC_GetClocksFreq                        0x08002755   Thumb Code   128  stm32f10x_rcc.o(i.RCC_GetClocksFreq)
    ReadCurrent                              0x080027e5   Thumb Code    92  sampling.o(i.ReadCurrent)
    ReadTime                                 0x08002859   Thumb Code    98  sampling.o(i.ReadTime)
    Runge_Kutta                              0x080028d5   Thumb Code   146  cpg.o(i.Runge_Kutta)
    SDIO_ClearFlag                           0x08002a2d   Thumb Code     6  stm32f10x_sdio.o(i.SDIO_ClearFlag)
    SDIO_ClearITPendingBit                   0x08002a39   Thumb Code     6  stm32f10x_sdio.o(i.SDIO_ClearITPendingBit)
    SDIO_ClockCmd                            0x08002a45   Thumb Code     8  stm32f10x_sdio.o(i.SDIO_ClockCmd)
    SDIO_DMACmd                              0x08002a51   Thumb Code     6  stm32f10x_sdio.o(i.SDIO_DMACmd)
    SDIO_DataConfig                          0x08002a5d   Thumb Code    38  stm32f10x_sdio.o(i.SDIO_DataConfig)
    SDIO_DeInit                              0x08002a89   Thumb Code    26  stm32f10x_sdio.o(i.SDIO_DeInit)
    SDIO_GetCommandResponse                  0x08002aad   Thumb Code     8  stm32f10x_sdio.o(i.SDIO_GetCommandResponse)
    SDIO_GetFlagStatus                       0x08002ab9   Thumb Code    16  stm32f10x_sdio.o(i.SDIO_GetFlagStatus)
    SDIO_GetPowerState                       0x08002acd   Thumb Code    10  stm32f10x_sdio.o(i.SDIO_GetPowerState)
    SDIO_GetResponse                         0x08002add   Thumb Code    12  stm32f10x_sdio.o(i.SDIO_GetResponse)
    SDIO_IRQHandler                          0x08002aed   Thumb Code     4  sdio_sdcard.o(i.SDIO_IRQHandler)
    SDIO_ITConfig                            0x08002af1   Thumb Code    18  stm32f10x_sdio.o(i.SDIO_ITConfig)
    SDIO_Init                                0x08002b09   Thumb Code    40  stm32f10x_sdio.o(i.SDIO_Init)
    SDIO_ReadData                            0x08002b35   Thumb Code     8  stm32f10x_sdio.o(i.SDIO_ReadData)
    SDIO_SendCommand                         0x08002b41   Thumb Code    34  stm32f10x_sdio.o(i.SDIO_SendCommand)
    SDIO_SetPowerState                       0x08002b69   Thumb Code    18  stm32f10x_sdio.o(i.SDIO_SetPowerState)
    SD_EnableWideBusOperation                0x08002c49   Thumb Code   108  sdio_sdcard.o(i.SD_EnableWideBusOperation)
    SD_GetCardInfo                           0x08002cbd   Thumb Code   572  sdio_sdcard.o(i.SD_GetCardInfo)
    SD_GetState                              0x08002f01   Thumb Code    26  sdio_sdcard.o(i.SD_GetState)
    SD_GetStatus                             0x08002f1b   Thumb Code    26  sdio_sdcard.o(i.SD_GetStatus)
    SD_Init                                  0x08002f35   Thumb Code   158  sdio_sdcard.o(i.SD_Init)
    SD_InitializeCards                       0x08002fe1   Thumb Code   244  sdio_sdcard.o(i.SD_InitializeCards)
    SD_PowerON                               0x080030dd   Thumb Code   400  sdio_sdcard.o(i.SD_PowerON)
    SD_ProcessIRQSrc                         0x0800327d   Thumb Code    56  sdio_sdcard.o(i.SD_ProcessIRQSrc)
    SD_ReadBlock                             0x080032bd   Thumb Code   160  sdio_sdcard.o(i.SD_ReadBlock)
    SD_ReadMultiBlocks                       0x08003369   Thumb Code   174  sdio_sdcard.o(i.SD_ReadMultiBlocks)
    SD_SelectDeselect                        0x08003425   Thumb Code    40  sdio_sdcard.o(i.SD_SelectDeselect)
    SD_SendStatus                            0x08003451   Thumb Code    36  sdio_sdcard.o(i.SD_SendStatus)
    SD_WaitReadOperation                     0x0800347d   Thumb Code    36  sdio_sdcard.o(i.SD_WaitReadOperation)
    SD_WaitWriteOperation                    0x080034a5   Thumb Code    44  sdio_sdcard.o(i.SD_WaitWriteOperation)
    SD_WriteBlock                            0x080034d5   Thumb Code   158  sdio_sdcard.o(i.SD_WriteBlock)
    SD_WriteMultiBlocks                      0x08003581   Thumb Code   252  sdio_sdcard.o(i.SD_WriteMultiBlocks)
    SampleCurrent                            0x08003689   Thumb Code   440  sampling.o(i.SampleCurrent)
    SetAcceleration                          0x0800387d   Thumb Code    22  drive.o(i.SetAcceleration)
    SetControlMode                           0x080038a1   Thumb Code    22  drive.o(i.SetControlMode)
    SetDeceleration                          0x080038c5   Thumb Code    22  drive.o(i.SetDeceleration)
    SetPosition                              0x080038e9   Thumb Code    80  drive.o(i.SetPosition)
    SetVelocity                              0x080039f1   Thumb Code    40  drive.o(i.SetVelocity)
    Stop_common                              0x08003a29   Thumb Code    66  drive_common.o(i.Stop_common)
    Swim_Hexcommon                           0x08003a79   Thumb Code   182  drive_common.o(i.Swim_Hexcommon)
    Swim_Tricommon                           0x08003b35   Thumb Code   184  drive_common.o(i.Swim_Tricommon)
    Swim_ascendcommon_gait                   0x08003bf5   Thumb Code    56  gait.o(i.Swim_ascendcommon_gait)
    Swim_ascendfinish                        0x08003c39   Thumb Code   188  drive_common.o(i.Swim_ascendfinish)
    Swim_ascendstart                         0x08003cfd   Thumb Code   188  drive_common.o(i.Swim_ascendstart)
    Swim_common1                             0x08003dc1   Thumb Code   248  drive_common.o(i.Swim_common1)
    Swim_common2                             0x08003ec9   Thumb Code   236  drive_common.o(i.Swim_common2)
    Swim_common_gait                         0x08003fc5   Thumb Code    82  gait.o(i.Swim_common_gait)
    Swim_descendcommon_gait                  0x08004025   Thumb Code    56  gait.o(i.Swim_descendcommon_gait)
    Swim_descendfinish                       0x08004069   Thumb Code   188  drive_common.o(i.Swim_descendfinish)
    Swim_descendstart                        0x0800412d   Thumb Code   188  drive_common.o(i.Swim_descendstart)
    Swim_finish                              0x080041f1   Thumb Code   198  drive_common.o(i.Swim_finish)
    Swim_start                               0x080042c9   Thumb Code   198  drive_common.o(i.Swim_start)
    SysTick_Init                             0x080043a1   Thumb Code    38  systick.o(i.SysTick_Init)
    SystemInit                               0x080043cd   Thumb Code    64  system_stm32f10x.o(i.SystemInit)
    TIM3_IRQHandler                          0x0800441d   Thumb Code    42  timer.o(i.TIM3_IRQHandler)
    TIM_ClearITPendingBit                    0x08004451   Thumb Code     6  stm32f10x_tim.o(i.TIM_ClearITPendingBit)
    TIM_Cmd                                  0x08004457   Thumb Code    20  stm32f10x_tim.o(i.TIM_Cmd)
    TIM_GetITStatus                          0x0800446b   Thumb Code    24  stm32f10x_tim.o(i.TIM_GetITStatus)
    TIM_ITConfig                             0x08004483   Thumb Code    16  stm32f10x_tim.o(i.TIM_ITConfig)
    TIM_TimeBaseInit                         0x08004495   Thumb Code   114  stm32f10x_tim.o(i.TIM_TimeBaseInit)
    Tetr_Hexcommon                           0x08004531   Thumb Code   184  drive_common.o(i.Tetr_Hexcommon)
    Tetr_common1                             0x080045f1   Thumb Code   190  drive_common.o(i.Tetr_common1)
    Tetr_common2                             0x080046bd   Thumb Code   182  drive_common.o(i.Tetr_common2)
    Tetr_common3                             0x0800477d   Thumb Code   190  drive_common.o(i.Tetr_common3)
    Tetrapod_gait                            0x08004849   Thumb Code    96  gait.o(i.Tetrapod_gait)
    Timer3Init                               0x080048b5   Thumb Code    92  timer.o(i.Timer3Init)
    Tri_Hexcommon                            0x08004915   Thumb Code   110  drive_common.o(i.Tri_Hexcommon)
    Tri_Swimcommon                           0x08004991   Thumb Code   196  drive_common.o(i.Tri_Swimcommon)
    Tri_common1                              0x08004a65   Thumb Code   232  drive_common.o(i.Tri_common1)
    Tri_common2                              0x08004b61   Thumb Code   230  drive_common.o(i.Tri_common2)
    Tri_gait_cpg                             0x08004c5d   Thumb Code    58  drive_cpg.o(i.Tri_gait_cpg)
    Tri_gait_cpg_fast                        0x08004cad   Thumb Code    58  drive_cpg.o(i.Tri_gait_cpg_fast)
    Tripod_gait                              0x08004d01   Thumb Code   150  gait.o(i.Tripod_gait)
    Turn_finish                              0x08004db9   Thumb Code   196  drive_common.o(i.Turn_finish)
    Turn_start                               0x08004e89   Thumb Code   196  drive_common.o(i.Turn_start)
    Turning_gait                             0x08004f5d   Thumb Code   106  gait.o(i.Turning_gait)
    Turnleft_common1                         0x08004fd5   Thumb Code   190  drive_common.o(i.Turnleft_common1)
    Turnleft_common2                         0x080050a1   Thumb Code   190  drive_common.o(i.Turnleft_common2)
    Turnright_common1                        0x0800516d   Thumb Code   190  drive_common.o(i.Turnright_common1)
    Turnright_common2                        0x08005239   Thumb Code   190  drive_common.o(i.Turnright_common2)
    USART1_IRQHandler                        0x08005305   Thumb Code    34  rs232.o(i.USART1_IRQHandler)
    USART2_IRQHandler                        0x08005331   Thumb Code    36  rs232.o(i.USART2_IRQHandler)
    USART_Cmd                                0x0800535d   Thumb Code    20  stm32f10x_usart.o(i.USART_Cmd)
    USART_GetFlagStatus                      0x08005371   Thumb Code    14  stm32f10x_usart.o(i.USART_GetFlagStatus)
    USART_GetITStatus                        0x0800537f   Thumb Code    62  stm32f10x_usart.o(i.USART_GetITStatus)
    USART_ITConfig                           0x080053bd   Thumb Code    48  stm32f10x_usart.o(i.USART_ITConfig)
    USART_Init                               0x080053ed   Thumb Code   166  stm32f10x_usart.o(i.USART_Init)
    USART_ReceiveData                        0x08005499   Thumb Code     8  stm32f10x_usart.o(i.USART_ReceiveData)
    USART_SendData                           0x080054a1   Thumb Code     8  stm32f10x_usart.o(i.USART_SendData)
    USB_LP_CAN1_RX0_IRQHandler               0x080054a9   Thumb Code   110  can.o(i.USB_LP_CAN1_RX0_IRQHandler)
    __0sprintf$1                             0x08005529   Thumb Code    34  printf1.o(i.__0sprintf$1)
    __1sprintf$1                             0x08005529   Thumb Code     0  printf1.o(i.__0sprintf$1)
    __2sprintf                               0x08005529   Thumb Code     0  printf1.o(i.__0sprintf$1)
    __ARM_fpclassify                         0x08005551   Thumb Code    40  fpclassify.o(i.__ARM_fpclassify)
    __ieee754_rem_pio2                       0x08005579   Thumb Code   828  rred.o(i.__ieee754_rem_pio2)
    __kernel_cos                             0x08005901   Thumb Code   230  cos_i.o(i.__kernel_cos)
    __kernel_poly                            0x080059fd   Thumb Code   170  poly.o(i.__kernel_poly)
    __kernel_sin                             0x08005aa9   Thumb Code   224  sin_i.o(i.__kernel_sin)
    __mathlib_dbl_infnan                     0x08005b95   Thumb Code     6  dunder.o(i.__mathlib_dbl_infnan)
    __mathlib_dbl_invalid                    0x08005b9b   Thumb Code    12  dunder.o(i.__mathlib_dbl_invalid)
    __mathlib_dbl_underflow                  0x08005ba9   Thumb Code    10  dunder.o(i.__mathlib_dbl_underflow)
    __scatterload_copy                       0x08005bb9   Thumb Code    14  handlers.o(i.__scatterload_copy)
    __scatterload_null                       0x08005bc7   Thumb Code     2  handlers.o(i.__scatterload_null)
    __scatterload_zeroinit                   0x08005bc9   Thumb Code    14  handlers.o(i.__scatterload_zeroinit)
    __set_errno                              0x08005bd9   Thumb Code     6  errno.o(i.__set_errno)
    climbing_init                            0x08005db1   Thumb Code   194  drive_common.o(i.climbing_init)
    clust2sect                               0x08005e7d   Thumb Code    24  ff.o(i.clust2sect)
    cos                                      0x08005e95   Thumb Code   148  cos.o(i.cos)
    delay_ms                                 0x08006215   Thumb Code    36  systick.o(i.delay_ms)
    disk_initialize                          0x08006683   Thumb Code    16  diskio.o(i.disk_initialize)
    disk_ioctl                               0x08006693   Thumb Code     4  diskio.o(i.disk_ioctl)
    disk_read                                0x08006699   Thumb Code    56  diskio.o(i.disk_read)
    disk_status                              0x080066d1   Thumb Code     4  diskio.o(i.disk_status)
    disk_write                               0x080066d5   Thumb Code    56  diskio.o(i.disk_write)
    f_close                                  0x0800670d   Thumb Code    28  ff.o(i.f_close)
    f_lseek                                  0x08006729   Thumb Code   302  ff.o(i.f_lseek)
    f_mount                                  0x08006859   Thumb Code    72  ff.o(i.f_mount)
    f_open                                   0x080068a5   Thumb Code   320  ff.o(i.f_open)
    f_sync                                   0x080069e5   Thumb Code   152  ff.o(i.f_sync)
    f_write                                  0x08006a7d   Thumb Code   382  ff.o(i.f_write)
    ff_convert                               0x08006bfd   Thumb Code    68  cc936.o(i.ff_convert)
    ff_wtoupper                              0x08006c49   Thumb Code    70  cc936.o(i.ff_wtoupper)
    get_fat                                  0x08006fc5   Thumb Code   182  ff.o(i.get_fat)
    get_fattime                              0x0800707b   Thumb Code     4  diskio.o(i.get_fattime)
    hopf_func                                0x080070bd   Thumb Code   434  cpg.o(i.hopf_func)
    init_buffer                              0x08007281   Thumb Code    36  sampling.o(i.init_buffer)
    init_sample                              0x080072ad   Thumb Code    58  sampling.o(i.init_sample)
    initgait                                 0x08007331   Thumb Code   342  drive.o(i.initgait)
    landmotion_cpg                           0x0800749d   Thumb Code   198  drive_cpg.o(i.landmotion_cpg)
    main                                     0x0800757d   Thumb Code   406  main.o(i.main)
    put_fat                                  0x08007891   Thumb Code   250  ff.o(i.put_fat)
    sin                                      0x080079ed   Thumb Code   150  sin.o(i.sin)
    stair_common1                            0x08007a9d   Thumb Code   222  drive_common.o(i.stair_common1)
    stair_finish                             0x08007b85   Thumb Code   182  drive_common.o(i.stair_finish)
    stair_gait                               0x08007c41   Thumb Code    60  gait.o(i.stair_gait)
    stair_init                               0x08007c85   Thumb Code   182  drive_common.o(i.stair_init)
    usart1_Init                              0x08007e5d   Thumb Code   174  rs232.o(i.usart1_Init)
    usart1_Send_Data                         0x08007f15   Thumb Code    62  rs232.o(i.usart1_Send_Data)
    usart2_Init                              0x08007f59   Thumb Code   178  rs232.o(i.usart2_Init)
    Region$$Table$$Base                      0x08033228   Number         0  anon$$obj.o(Region$$Table)
    Region$$Table$$Limit                     0x08033248   Number         0  anon$$obj.o(Region$$Table)
    RS232_RX_BUF                             0x20000000   Data           1  rs232.o(.data)
    RS232_RX_CNT                             0x20000001   Data           1  rs232.o(.data)
    usart2_RX_BUF                            0x20000002   Data           1  rs232.o(.data)
    rCOB_TYPE                                0x20000008   Data           1  can.o(.data)
    rNOD_ID                                  0x20000009   Data           1  can.o(.data)
    rflag1                                   0x2000000c   Data           4  can.o(.data)
    rflag2                                   0x20000010   Data           4  can.o(.data)
    rflag3                                   0x20000014   Data           4  can.o(.data)
    rflag4                                   0x20000018   Data           4  can.o(.data)
    rflag5                                   0x2000001c   Data           4  can.o(.data)
    rflag6                                   0x20000020   Data           4  can.o(.data)
    rCOB_ID                                  0x20000024   Data           4  can.o(.data)
    rDATA_TYPE                               0x20000028   Data           4  can.o(.data)
    MotorOn                                  0x2000002c   Data           1  drive.o(.data)
    arriveflag_common                        0x2000002d   Data           1  drive_common.o(.data)
    Gaitflag_common                          0x2000002e   Data           1  drive_common.o(.data)
    delay_count                              0x2000002f   Data           1  drive_common.o(.data)
    delta_h                                  0x20000030   Data           4  cpg.o(.data)
    hopf_DU1                                 0x20000034   Data           4  cpg.o(.data)
    hopf_DU2                                 0x20000038   Data           4  cpg.o(.data)
    hopf_DV1                                 0x2000003c   Data           4  cpg.o(.data)
    hopf_DV2                                 0x20000040   Data           4  cpg.o(.data)
    hopf_f                                   0x20000044   Data           4  cpg.o(.data)
    hopf_fai                                 0x20000048   Data           4  cpg.o(.data)
    hopf_A                                   0x2000004c   Data           4  cpg.o(.data)
    hopf_U1                                  0x20000050   Data          12  cpg.o(.data)
    hopf_V1                                  0x2000005c   Data          12  cpg.o(.data)
    hopf_U2                                  0x20000068   Data          12  cpg.o(.data)
    hopf_V2                                  0x20000074   Data          12  cpg.o(.data)
    count_flag                               0x20000080   Data           1  drive_cpg.o(.data)
    statusflag_cpg                           0x20000081   Data           1  drive_cpg.o(.data)
    degree1_land_cpg                         0x20000084   Data           4  drive_cpg.o(.data)
    degree2_land_cpg                         0x20000088   Data           4  drive_cpg.o(.data)
    speed1_land_cpg                          0x2000008c   Data           4  drive_cpg.o(.data)
    speed2_land_cpg                          0x20000090   Data           4  drive_cpg.o(.data)
    degree1_DC                               0x20000094   Data           4  drive_cpg.o(.data)
    degree1_cpg                              0x20000098   Data           4  drive_cpg.o(.data)
    speed1_cpg                               0x2000009c   Data           4  drive_cpg.o(.data)
    degree2_DC                               0x200000a0   Data           4  drive_cpg.o(.data)
    degree2_cpg                              0x200000a4   Data           4  drive_cpg.o(.data)
    speed2_cpg                               0x200000a8   Data           4  drive_cpg.o(.data)
    time_DH                                  0x200000ac   Data           4  drive_cpg.o(.data)
    mapdegreefast                            0x200000b0   Data           4  drive_cpg.o(.data)
    mapdegreeslow                            0x200000b4   Data           4  drive_cpg.o(.data)
    mapdegree_hex                            0x200000b8   Data           4  drive_cpg.o(.data)
    mapdegree_trifast                        0x200000bc   Data           4  drive_cpg.o(.data)
    mapdegree_trislow                        0x200000c0   Data           4  drive_cpg.o(.data)
    mapdegree_hexfast                        0x200000c4   Data           4  drive_cpg.o(.data)
    TransferError                            0x200000d0   Data           1  sdio_sdcard.o(.data)
    StopCondition                            0x200000dc   Data           4  sdio_sdcard.o(.data)
    TransferEnd                              0x200000e0   Data           4  sdio_sdcard.o(.data)
    sample_flag                              0x200000e4   Data           1  sampling.o(.data)
    Motor4_Speed                             0x200000e8   Data           2  sampling.o(.data)
    Motor5_Speed                             0x200000ea   Data           2  sampling.o(.data)
    res                                      0x200000ec   Data           4  sampling.o(.data)
    bw                                       0x200000f0   Data           4  sampling.o(.data)
    TxMessage                                0x2000010c   Data          20  can.o(.bss)
    RxMessage                                0x20000120   Data          20  can.o(.bss)
    SDCardInfo                               0x20000164   Data          80  sdio_sdcard.o(.bss)
    SDIO_InitStructure                       0x200001b4   Data          24  sdio_sdcard.o(.bss)
    SDIO_CmdInitStructure                    0x200001cc   Data          20  sdio_sdcard.o(.bss)
    SDIO_DataInitStructure                   0x200001e0   Data          24  sdio_sdcard.o(.bss)
    fdst1                                    0x200001f8   Data         548  sampling.o(.bss)
    fdst2                                    0x2000041c   Data         548  sampling.o(.bss)
    fdst3                                    0x20000640   Data         548  sampling.o(.bss)
    fdst4                                    0x20000864   Data         548  sampling.o(.bss)
    fdst5                                    0x20000a88   Data         548  sampling.o(.bss)
    fdst6                                    0x20000cac   Data         548  sampling.o(.bss)
    fdst7                                    0x20000ed0   Data         548  sampling.o(.bss)
    fdst8                                    0x200010f4   Data         548  sampling.o(.bss)
    fdst9                                    0x20001318   Data         548  sampling.o(.bss)
    fs                                       0x2000153c   Data         560  sampling.o(.bss)
    CurrentTemp                              0x2000176c   Data          12  sampling.o(.bss)
    uTimeTemp                                0x20001778   Data          12  sampling.o(.bss)
    uSpeedTemp                               0x20001784   Data          12  sampling.o(.bss)
    __initial_sp                             0x20001b90   Data           0  startup_stm32f10x_hd.o(STACK)



==============================================================================

Memory Map of the image

  Image Entry point : 0x08000131

  Load Region LR_IROM1 (Base: 0x08000000, Size: 0x00033354, Max: 0x00080000, ABSOLUTE)

    Execution Region ER_IROM1 (Base: 0x08000000, Size: 0x00033248, Max: 0x00080000, ABSOLUTE)

    Base Addr    Size         Type   Attr      Idx    E Section Name        Object

    0x08000000   0x00000130   Data   RO         4480    RESET               startup_stm32f10x_hd.o
    0x08000130   0x00000000   Code   RO         4512  * .ARM.Collect$$$$00000000  mc_w.l(entry.o)
    0x08000130   0x00000004   Code   RO         4832    .ARM.Collect$$$$00000001  mc_w.l(entry2.o)
    0x08000134   0x00000004   Code   RO         4835    .ARM.Collect$$$$00000004  mc_w.l(entry5.o)
    0x08000138   0x00000000   Code   RO         4837    .ARM.Collect$$$$00000008  mc_w.l(entry7b.o)
    0x08000138   0x00000000   Code   RO         4839    .ARM.Collect$$$$0000000A  mc_w.l(entry8b.o)
    0x08000138   0x00000008   Code   RO         4840    .ARM.Collect$$$$0000000B  mc_w.l(entry9a.o)
    0x08000140   0x00000000   Code   RO         4842    .ARM.Collect$$$$0000000D  mc_w.l(entry10a.o)
    0x08000140   0x00000000   Code   RO         4844    .ARM.Collect$$$$0000000F  mc_w.l(entry11a.o)
    0x08000140   0x00000004   Code   RO         4833    .ARM.Collect$$$$00002712  mc_w.l(entry2.o)
    0x08000144   0x00000024   Code   RO         4481    .text               startup_stm32f10x_hd.o
    0x08000168   0x0000000e   Code   RO         4515    .text               mc_w.l(strlen.o)
    0x08000176   0x000000b0   Code   RO         4778    .text               mf_w.l(fadd.o)
    0x08000226   0x00000064   Code   RO         4780    .text               mf_w.l(fmul.o)
    0x0800028a   0x0000007c   Code   RO         4782    .text               mf_w.l(fdiv.o)
    0x08000306   0x00000018   Code   RO         4784    .text               mf_w.l(fscalb.o)
    0x0800031e   0x0000014e   Code   RO         4786    .text               mf_w.l(dadd.o)
    0x0800046c   0x000000e4   Code   RO         4788    .text               mf_w.l(dmul.o)
    0x08000550   0x0000000a   Code   RO         4790    .text               mf_w.l(ffltui.o)
    0x0800055a   0x00000028   Code   RO         4792    .text               mf_w.l(ffixui.o)
    0x08000582   0x00000032   Code   RO         4794    .text               mf_w.l(dfixui.o)
    0x080005b4   0x00000026   Code   RO         4796    .text               mf_w.l(f2d.o)
    0x080005da   0x00000038   Code   RO         4798    .text               mf_w.l(d2f.o)
    0x08000612   0x00000002   PAD
    0x08000614   0x00000014   Code   RO         4800    .text               mf_w.l(cfcmple.o)
    0x08000628   0x00000014   Code   RO         4802    .text               mf_w.l(cfrcmple.o)
    0x0800063c   0x0000002c   Code   RO         4847    .text               mc_w.l(uidiv.o)
    0x08000668   0x0000001e   Code   RO         4851    .text               mc_w.l(llshl.o)
    0x08000686   0x00000020   Code   RO         4853    .text               mc_w.l(llushr.o)
    0x080006a6   0x00000024   Code   RO         4855    .text               mc_w.l(llsshr.o)
    0x080006ca   0x00000000   Code   RO         4864    .text               mc_w.l(iusefp.o)
    0x080006ca   0x0000006e   Code   RO         4865    .text               mf_w.l(fepilogue.o)
    0x08000738   0x000000ba   Code   RO         4867    .text               mf_w.l(depilogue.o)
    0x080007f2   0x000000de   Code   RO         4869    .text               mf_w.l(ddiv.o)
    0x080008d0   0x00000024   Code   RO         4879    .text               mc_w.l(init.o)
    0x080008f4   0x0000002e   Code   RO         4881    .text               mf_w.l(dscalb.o)
    0x08000922   0x00000022   Code   RO         4883    .text               mf_w.l(dflti.o)
    0x08000944   0x0000001a   Code   RO         4885    .text               mf_w.l(dfltui.o)
    0x0800095e   0x0000003e   Code   RO         4887    .text               mf_w.l(dfixi.o)
    0x0800099c   0x00000064   Code   RO          788    i.Back_gait         gait.o
    0x08000a00   0x000000c4   Code   RO          371    i.Back_hex_common1  drive_common.o
    0x08000ac4   0x000000c4   Code   RO          372    i.Back_hex_common2  drive_common.o
    0x08000b88   0x000000cc   Code   RO          373    i.Back_tri_common1  drive_common.o
    0x08000c54   0x000000cc   Code   RO          374    i.Back_tri_common2  drive_common.o
    0x08000d20   0x000000fc   Code   RO          264    i.CAN_Config        can.o
    0x08000e1c   0x0000002c   Code   RO         1840    i.CAN_DeInit        stm32f10x_can.o
    0x08000e48   0x00000016   Code   RO         1841    i.CAN_FIFORelease   stm32f10x_can.o
    0x08000e5e   0x00000002   PAD
    0x08000e60   0x000000cc   Code   RO         1842    i.CAN_FilterInit    stm32f10x_can.o
    0x08000f2c   0x00000010   Code   RO         1848    i.CAN_ITConfig      stm32f10x_can.o
    0x08000f3c   0x000000e8   Code   RO         1849    i.CAN_Init          stm32f10x_can.o
    0x08001024   0x00000090   Code   RO         1852    i.CAN_Receive       stm32f10x_can.o
    0x080010b4   0x00000030   Code   RO          265    i.CAN_SetMsg        can.o
    0x080010e4   0x00000020   Code   RO         1855    i.CAN_StructInit    stm32f10x_can.o
    0x08001104   0x000000a0   Code   RO         1857    i.CAN_Transmit      stm32f10x_can.o
    0x080011a4   0x000000d8   Code   RO          375    i.Climbing2_common1  drive_common.o
    0x0800127c   0x000000d8   Code   RO          376    i.Climbing2_common2  drive_common.o
    0x08001354   0x000000cc   Code   RO          377    i.Climbing2_finish  drive_common.o
    0x08001420   0x000000ec   Code   RO          378    i.Climbing_common1  drive_common.o
    0x0800150c   0x000000e8   Code   RO          379    i.Climbing_common2  drive_common.o
    0x080015f4   0x00000048   Code   RO          789    i.Climbing_gait     gait.o
    0x0800163c   0x00000054   Code   RO          790    i.Climbing_gait2    gait.o
    0x08001690   0x00000060   Code   RO         1414    i.CloseFile         sampling.o
    0x080016f0   0x0000001c   Code   RO         1200    i.CmdResp1Error     sdio_sdcard.o
    0x0800170c   0x00000034   Code   RO         1201    i.CmdResp2Error     sdio_sdcard.o
    0x08001740   0x00000070   Code   RO         1202    i.CmdResp6Error     sdio_sdcard.o
    0x080017b0   0x00000018   Code   RO         2225    i.DMA_ClearFlag     stm32f10x_dma.o
    0x080017c8   0x00000016   Code   RO         2227    i.DMA_Cmd           stm32f10x_dma.o
    0x080017de   0x00000002   PAD
    0x080017e0   0x00000020   Code   RO         2230    i.DMA_GetFlagStatus  stm32f10x_dma.o
    0x08001800   0x0000003a   Code   RO         2233    i.DMA_Init          stm32f10x_dma.o
    0x0800183a   0x00000002   PAD
    0x0800183c   0x0000010c   Code   RO          733    i.Drive_cpg         drive_cpg.o
    0x08001948   0x000002dc   Code   RO          296    i.Driveinit         drive.o
    0x08001c24   0x00000048   Code   RO          297    i.EnableMotor       drive.o
    0x08001c6c   0x00000138   Code   RO         1203    i.FindSCR           sdio_sdcard.o
    0x08001da4   0x000000a2   Code   RO         2649    i.GPIO_Init         stm32f10x_gpio.o
    0x08001e46   0x00000002   PAD
    0x08001e48   0x00000058   Code   RO         2651    i.GPIO_PinRemapConfig  stm32f10x_gpio.o
    0x08001ea0   0x00000004   Code   RO         2656    i.GPIO_ResetBits    stm32f10x_gpio.o
    0x08001ea4   0x00000004   Code   RO         2657    i.GPIO_SetBits      stm32f10x_gpio.o
    0x08001ea8   0x0000002c   Code   RO          298    i.Halt              drive.o
    0x08001ed4   0x000000cc   Code   RO          380    i.Hex_Swimcommon    drive_common.o
    0x08001fa0   0x000000c0   Code   RO          381    i.Hex_Tetrcommon    drive_common.o
    0x08002060   0x00000070   Code   RO          382    i.Hex_Tricommon     drive_common.o
    0x080020d0   0x000000f0   Code   RO          383    i.Hex_common1       drive_common.o
    0x080021c0   0x000000f0   Code   RO          384    i.Hex_common2       drive_common.o
    0x080022b0   0x0000004c   Code   RO          735    i.Hex_gait_cpg      drive_cpg.o
    0x080022fc   0x0000004c   Code   RO          736    i.Hex_gait_cpg_fast  drive_cpg.o
    0x08002348   0x0000009c   Code   RO          791    i.Hexapod_gait      gait.o
    0x080023e4   0x00000054   Code   RO          243    i.LedInit           led.o
    0x08002438   0x00000028   Code   RO         1205    i.NVIC_Configuration  sdio_sdcard.o
    0x08002460   0x00000064   Code   RO         1500    i.NVIC_Init         misc.o
    0x080024c4   0x00000014   Code   RO         1501    i.NVIC_PriorityGroupConfig  misc.o
    0x080024d8   0x00000204   Code   RO         1415    i.OpenSdcardFile    sampling.o
    0x080026dc   0x00000018   Code   RO         3064    i.RCC_AHBPeriphClockCmd  stm32f10x_rcc.o
    0x080026f4   0x00000018   Code   RO         3065    i.RCC_APB1PeriphClockCmd  stm32f10x_rcc.o
    0x0800270c   0x00000018   Code   RO         3066    i.RCC_APB1PeriphResetCmd  stm32f10x_rcc.o
    0x08002724   0x00000018   Code   RO         3067    i.RCC_APB2PeriphClockCmd  stm32f10x_rcc.o
    0x0800273c   0x00000018   Code   RO         3068    i.RCC_APB2PeriphResetCmd  stm32f10x_rcc.o
    0x08002754   0x00000090   Code   RO         3075    i.RCC_GetClocksFreq  stm32f10x_rcc.o
    0x080027e4   0x00000074   Code   RO         1416    i.ReadCurrent       sampling.o
    0x08002858   0x0000007c   Code   RO         1417    i.ReadTime          sampling.o
    0x080028d4   0x00000098   Code   RO          705    i.Runge_Kutta       cpg.o
    0x0800296c   0x000000c0   Code   RO         1206    i.SDEnWideBus       sdio_sdcard.o
    0x08002a2c   0x0000000c   Code   RO         3353    i.SDIO_ClearFlag    stm32f10x_sdio.o
    0x08002a38   0x0000000c   Code   RO         3354    i.SDIO_ClearITPendingBit  stm32f10x_sdio.o
    0x08002a44   0x0000000c   Code   RO         3355    i.SDIO_ClockCmd     stm32f10x_sdio.o
    0x08002a50   0x0000000c   Code   RO         3358    i.SDIO_DMACmd       stm32f10x_sdio.o
    0x08002a5c   0x0000002c   Code   RO         3359    i.SDIO_DataConfig   stm32f10x_sdio.o
    0x08002a88   0x00000024   Code   RO         3361    i.SDIO_DeInit       stm32f10x_sdio.o
    0x08002aac   0x0000000c   Code   RO         3362    i.SDIO_GetCommandResponse  stm32f10x_sdio.o
    0x08002ab8   0x00000014   Code   RO         3365    i.SDIO_GetFlagStatus  stm32f10x_sdio.o
    0x08002acc   0x00000010   Code   RO         3367    i.SDIO_GetPowerState  stm32f10x_sdio.o
    0x08002adc   0x00000010   Code   RO         3368    i.SDIO_GetResponse  stm32f10x_sdio.o
    0x08002aec   0x00000004   Code   RO         1207    i.SDIO_IRQHandler   sdio_sdcard.o
    0x08002af0   0x00000018   Code   RO         3369    i.SDIO_ITConfig     stm32f10x_sdio.o
    0x08002b08   0x0000002c   Code   RO         3370    i.SDIO_Init         stm32f10x_sdio.o
    0x08002b34   0x0000000c   Code   RO         3371    i.SDIO_ReadData     stm32f10x_sdio.o
    0x08002b40   0x00000028   Code   RO         3373    i.SDIO_SendCommand  stm32f10x_sdio.o
    0x08002b68   0x00000018   Code   RO         3375    i.SDIO_SetPowerState  stm32f10x_sdio.o
    0x08002b80   0x0000000c   Code   RO         1208    i.SD_DMAEndOfTransferStatus  sdio_sdcard.o
    0x08002b8c   0x0000005c   Code   RO         1209    i.SD_DMA_RxConfig   sdio_sdcard.o
    0x08002be8   0x00000060   Code   RO         1210    i.SD_DMA_TxConfig   sdio_sdcard.o
    0x08002c48   0x00000074   Code   RO         1212    i.SD_EnableWideBusOperation  sdio_sdcard.o
    0x08002cbc   0x00000244   Code   RO         1214    i.SD_GetCardInfo    sdio_sdcard.o
    0x08002f00   0x0000001a   Code   RO         1216    i.SD_GetState       sdio_sdcard.o
    0x08002f1a   0x0000001a   Code   RO         1217    i.SD_GetStatus      sdio_sdcard.o
    0x08002f34   0x000000ac   Code   RO         1219    i.SD_Init           sdio_sdcard.o
    0x08002fe0   0x000000fc   Code   RO         1220    i.SD_InitializeCards  sdio_sdcard.o
    0x080030dc   0x000001a0   Code   RO         1222    i.SD_PowerON        sdio_sdcard.o
    0x0800327c   0x00000040   Code   RO         1223    i.SD_ProcessIRQSrc  sdio_sdcard.o
    0x080032bc   0x000000ac   Code   RO         1224    i.SD_ReadBlock      sdio_sdcard.o
    0x08003368   0x000000bc   Code   RO         1225    i.SD_ReadMultiBlocks  sdio_sdcard.o
    0x08003424   0x0000002c   Code   RO         1226    i.SD_SelectDeselect  sdio_sdcard.o
    0x08003450   0x0000002c   Code   RO         1228    i.SD_SendStatus     sdio_sdcard.o
    0x0800347c   0x00000028   Code   RO         1230    i.SD_WaitReadOperation  sdio_sdcard.o
    0x080034a4   0x00000030   Code   RO         1231    i.SD_WaitWriteOperation  sdio_sdcard.o
    0x080034d4   0x000000ac   Code   RO         1232    i.SD_WriteBlock     sdio_sdcard.o
    0x08003580   0x00000108   Code   RO         1233    i.SD_WriteMultiBlocks  sdio_sdcard.o
    0x08003688   0x000001f4   Code   RO         1419    i.SampleCurrent     sampling.o
    0x0800387c   0x00000024   Code   RO          300    i.SetAcceleration   drive.o
    0x080038a0   0x00000024   Code   RO          301    i.SetControlMode    drive.o
    0x080038c4   0x00000024   Code   RO          302    i.SetDeceleration   drive.o
    0x080038e8   0x00000060   Code   RO          303    i.SetPosition       drive.o
    0x08003948   0x000000a8   Code   RO         4449    i.SetSysClockTo72   system_stm32f10x.o
    0x080039f0   0x00000038   Code   RO          304    i.SetVelocity       drive.o
    0x08003a28   0x00000050   Code   RO          385    i.Stop_common       drive_common.o
    0x08003a78   0x000000bc   Code   RO          386    i.Swim_Hexcommon    drive_common.o
    0x08003b34   0x000000c0   Code   RO          387    i.Swim_Tricommon    drive_common.o
    0x08003bf4   0x00000044   Code   RO          792    i.Swim_ascendcommon_gait  gait.o
    0x08003c38   0x000000c4   Code   RO          388    i.Swim_ascendfinish  drive_common.o
    0x08003cfc   0x000000c4   Code   RO          389    i.Swim_ascendstart  drive_common.o
    0x08003dc0   0x00000108   Code   RO          392    i.Swim_common1      drive_common.o
    0x08003ec8   0x000000fc   Code   RO          393    i.Swim_common2      drive_common.o
    0x08003fc4   0x00000060   Code   RO          794    i.Swim_common_gait  gait.o
    0x08004024   0x00000044   Code   RO          795    i.Swim_descendcommon_gait  gait.o
    0x08004068   0x000000c4   Code   RO          394    i.Swim_descendfinish  drive_common.o
    0x0800412c   0x000000c4   Code   RO          395    i.Swim_descendstart  drive_common.o
    0x080041f0   0x000000d8   Code   RO          396    i.Swim_finish       drive_common.o
    0x080042c8   0x000000d8   Code   RO          397    i.Swim_start        drive_common.o
    0x080043a0   0x0000002c   Code   RO          214    i.SysTick_Init      systick.o
    0x080043cc   0x00000050   Code   RO         4451    i.SystemInit        system_stm32f10x.o
    0x0800441c   0x00000034   Code   RO         1478    i.TIM3_IRQHandler   timer.o
    0x08004450   0x00000006   Code   RO         3691    i.TIM_ClearITPendingBit  stm32f10x_tim.o
    0x08004456   0x00000014   Code   RO         3696    i.TIM_Cmd           stm32f10x_tim.o
    0x0800446a   0x00000018   Code   RO         3717    i.TIM_GetITStatus   stm32f10x_tim.o
    0x08004482   0x00000010   Code   RO         3721    i.TIM_ITConfig      stm32f10x_tim.o
    0x08004492   0x00000002   PAD
    0x08004494   0x0000009c   Code   RO         3767    i.TIM_TimeBaseInit  stm32f10x_tim.o
    0x08004530   0x000000c0   Code   RO          402    i.Tetr_Hexcommon    drive_common.o
    0x080045f0   0x000000cc   Code   RO          404    i.Tetr_common1      drive_common.o
    0x080046bc   0x000000c0   Code   RO          405    i.Tetr_common2      drive_common.o
    0x0800477c   0x000000cc   Code   RO          406    i.Tetr_common3      drive_common.o
    0x08004848   0x0000006c   Code   RO          797    i.Tetrapod_gait     gait.o
    0x080048b4   0x00000060   Code   RO         1479    i.Timer3Init        timer.o
    0x08004914   0x0000007c   Code   RO          407    i.Tri_Hexcommon     drive_common.o
    0x08004990   0x000000d4   Code   RO          408    i.Tri_Swimcommon    drive_common.o
    0x08004a64   0x000000fc   Code   RO          410    i.Tri_common1       drive_common.o
    0x08004b60   0x000000fc   Code   RO          411    i.Tri_common2       drive_common.o
    0x08004c5c   0x00000050   Code   RO          737    i.Tri_gait_cpg      drive_cpg.o
    0x08004cac   0x00000054   Code   RO          738    i.Tri_gait_cpg_fast  drive_cpg.o
    0x08004d00   0x000000b8   Code   RO          798    i.Tripod_gait       gait.o
    0x08004db8   0x000000d0   Code   RO          412    i.Turn_finish       drive_common.o
    0x08004e88   0x000000d4   Code   RO          413    i.Turn_start        drive_common.o
    0x08004f5c   0x00000078   Code   RO          799    i.Turning_gait      gait.o
    0x08004fd4   0x000000cc   Code   RO          414    i.Turnleft_common1  drive_common.o
    0x080050a0   0x000000cc   Code   RO          415    i.Turnleft_common2  drive_common.o
    0x0800516c   0x000000cc   Code   RO          416    i.Turnright_common1  drive_common.o
    0x08005238   0x000000cc   Code   RO          417    i.Turnright_common2  drive_common.o
    0x08005304   0x0000002c   Code   RO          163    i.USART1_IRQHandler  rs232.o
    0x08005330   0x0000002c   Code   RO          164    i.USART2_IRQHandler  rs232.o
    0x0800535c   0x00000014   Code   RO         4219    i.USART_Cmd         stm32f10x_usart.o
    0x08005370   0x0000000e   Code   RO         4222    i.USART_GetFlagStatus  stm32f10x_usart.o
    0x0800537e   0x0000003e   Code   RO         4223    i.USART_GetITStatus  stm32f10x_usart.o
    0x080053bc   0x00000030   Code   RO         4225    i.USART_ITConfig    stm32f10x_usart.o
    0x080053ec   0x000000ac   Code   RO         4226    i.USART_Init        stm32f10x_usart.o
    0x08005498   0x00000008   Code   RO         4233    i.USART_ReceiveData  stm32f10x_usart.o
    0x080054a0   0x00000008   Code   RO         4236    i.USART_SendData    stm32f10x_usart.o
    0x080054a8   0x00000080   Code   RO          266    i.USB_LP_CAN1_RX0_IRQHandler  can.o
    0x08005528   0x00000028   Code   RO         4564    i.__0sprintf$1      mc_w.l(printf1.o)
    0x08005550   0x00000028   Code   RO         4875    i.__ARM_fpclassify  m_ws.l(fpclassify.o)
    0x08005578   0x00000388   Code   RO         4821    i.__ieee754_rem_pio2  m_ws.l(rred.o)
    0x08005900   0x000000fc   Code   RO         4804    i.__kernel_cos      m_ws.l(cos_i.o)
    0x080059fc   0x000000aa   Code   RO         4877    i.__kernel_poly     m_ws.l(poly.o)
    0x08005aa6   0x00000002   PAD
    0x08005aa8   0x000000ec   Code   RO         4826    i.__kernel_sin      m_ws.l(sin_i.o)
    0x08005b94   0x00000006   Code   RO         4808    i.__mathlib_dbl_infnan  m_ws.l(dunder.o)
    0x08005b9a   0x0000000c   Code   RO         4810    i.__mathlib_dbl_invalid  m_ws.l(dunder.o)
    0x08005ba6   0x00000002   PAD
    0x08005ba8   0x00000010   Code   RO         4813    i.__mathlib_dbl_underflow  m_ws.l(dunder.o)
    0x08005bb8   0x0000000e   Code   RO         4891    i.__scatterload_copy  mc_w.l(handlers.o)
    0x08005bc6   0x00000002   Code   RO         4892    i.__scatterload_null  mc_w.l(handlers.o)
    0x08005bc8   0x0000000e   Code   RO         4893    i.__scatterload_zeroinit  mc_w.l(handlers.o)
    0x08005bd6   0x00000002   PAD
    0x08005bd8   0x0000000c   Code   RO         4859    i.__set_errno       mc_w.l(errno.o)
    0x08005be4   0x00000154   Code   RO         4569    i._printf_core      mc_w.l(printf1.o)
    0x08005d38   0x0000000a   Code   RO         4571    i._sputc            mc_w.l(printf1.o)
    0x08005d42   0x00000002   PAD
    0x08005d44   0x0000005c   Code   RO          940    i.check_fs          ff.o
    0x08005da0   0x00000010   Code   RO          941    i.chk_chr           ff.o
    0x08005db0   0x000000cc   Code   RO          418    i.climbing_init     drive_common.o
    0x08005e7c   0x00000018   Code   RO          942    i.clust2sect        ff.o
    0x08005e94   0x0000009c   Code   RO         4497    i.cos               m_ws.l(cos.o)
    0x08005f30   0x0000009e   Code   RO          943    i.create_chain      ff.o
    0x08005fce   0x00000002   PAD
    0x08005fd0   0x00000244   Code   RO          944    i.create_name       ff.o
    0x08006214   0x00000028   Code   RO          215    i.delay_ms          systick.o
    0x0800623c   0x00000138   Code   RO          945    i.dir_find          ff.o
    0x08006374   0x000000e6   Code   RO          946    i.dir_next          ff.o
    0x0800645a   0x00000002   PAD
    0x0800645c   0x000001a8   Code   RO          948    i.dir_register      ff.o
    0x08006604   0x0000007e   Code   RO          950    i.dir_sdi           ff.o
    0x08006682   0x00000010   Code   RO          895    i.disk_initialize   diskio.o
    0x08006692   0x00000004   Code   RO          896    i.disk_ioctl        diskio.o
    0x08006696   0x00000002   PAD
    0x08006698   0x00000038   Code   RO          897    i.disk_read         diskio.o
    0x080066d0   0x00000004   Code   RO          898    i.disk_status       diskio.o
    0x080066d4   0x00000038   Code   RO          899    i.disk_write        diskio.o
    0x0800670c   0x0000001c   Code   RO          952    i.f_close           ff.o
    0x08006728   0x0000012e   Code   RO          955    i.f_lseek           ff.o
    0x08006856   0x00000002   PAD
    0x08006858   0x0000004c   Code   RO          957    i.f_mount           ff.o
    0x080068a4   0x00000140   Code   RO          958    i.f_open            ff.o
    0x080069e4   0x00000098   Code   RO          964    i.f_sync            ff.o
    0x08006a7c   0x0000017e   Code   RO          968    i.f_write           ff.o
    0x08006bfa   0x00000002   PAD
    0x08006bfc   0x0000004c   Code   RO          872    i.ff_convert        cc936.o
    0x08006c48   0x00000050   Code   RO          873    i.ff_wtoupper       cc936.o
    0x08006c98   0x00000238   Code   RO          969    i.find_volume       ff.o
    0x08006ed0   0x00000066   Code   RO          970    i.follow_path       ff.o
    0x08006f36   0x00000002   PAD
    0x08006f38   0x0000008c   Code   RO          971    i.gen_numname       ff.o
    0x08006fc4   0x000000b6   Code   RO          972    i.get_fat           ff.o
    0x0800707a   0x00000004   Code   RO          900    i.get_fattime       diskio.o
    0x0800707e   0x0000003c   Code   RO          974    i.get_ldnumber      ff.o
    0x080070ba   0x00000002   PAD
    0x080070bc   0x000001c4   Code   RO          706    i.hopf_func         cpg.o
    0x08007280   0x0000002c   Code   RO         1420    i.init_buffer       sampling.o
    0x080072ac   0x00000084   Code   RO         1421    i.init_sample       sampling.o
    0x08007330   0x0000016c   Code   RO          305    i.initgait          drive.o
    0x0800749c   0x000000cc   Code   RO          739    i.landmotion_cpg    drive_cpg.o
    0x08007568   0x00000012   Code   RO          975    i.ld_clust          ff.o
    0x0800757a   0x00000002   PAD
    0x0800757c   0x000002c4   Code   RO            1    i.main              main.o
    0x08007840   0x00000012   Code   RO          976    i.mem_cpy           ff.o
    0x08007852   0x0000000e   Code   RO          977    i.mem_set           ff.o
    0x08007860   0x0000002e   Code   RO          978    i.move_window       ff.o
    0x0800788e   0x00000002   PAD
    0x08007890   0x000000fa   Code   RO          979    i.put_fat           ff.o
    0x0800798a   0x00000062   Code   RO          980    i.remove_chain      ff.o
    0x080079ec   0x000000a0   Code   RO         4505    i.sin               m_ws.l(sin.o)
    0x08007a8c   0x00000010   Code   RO          981    i.st_clust          ff.o
    0x08007a9c   0x000000e8   Code   RO          419    i.stair_common1     drive_common.o
    0x08007b84   0x000000bc   Code   RO          420    i.stair_finish      drive_common.o
    0x08007c40   0x00000044   Code   RO          800    i.stair_gait        gait.o
    0x08007c84   0x000000bc   Code   RO          421    i.stair_init        drive_common.o
    0x08007d40   0x0000001a   Code   RO          982    i.sum_sfn           ff.o
    0x08007d5a   0x000000b0   Code   RO          983    i.sync_fs           ff.o
    0x08007e0a   0x00000050   Code   RO          984    i.sync_window       ff.o
    0x08007e5a   0x00000002   PAD
    0x08007e5c   0x000000b8   Code   RO          166    i.usart1_Init       rs232.o
    0x08007f14   0x00000044   Code   RO          167    i.usart1_Send_Data  rs232.o
    0x08007f58   0x000000bc   Code   RO          168    i.usart2_Init       rs232.o
    0x08008014   0x00000026   Code   RO          985    i.validate          ff.o
    0x0800803a   0x0002b0c0   Data   RO          874    .constdata          cc936.o
    0x080330fa   0x0000000d   Data   RO          986    .constdata          ff.o
    0x08033107   0x00000001   PAD
    0x08033108   0x00000030   Data   RO         4805    .constdata          m_ws.l(cos_i.o)
    0x08033138   0x000000c8   Data   RO         4823    .constdata          m_ws.l(rred.o)
    0x08033200   0x00000028   Data   RO         4827    .constdata          m_ws.l(sin_i.o)
    0x08033228   0x00000020   Data   RO         4889    Region$$Table       anon$$obj.o


    Execution Region RW_IRAM1 (Base: 0x20000000, Size: 0x00001b90, Max: 0x00010000, ABSOLUTE)

    Base Addr    Size         Type   Attr      Idx    E Section Name        Object

    0x20000000   0x00000003   Data   RW          169    .data               rs232.o
    0x20000003   0x00000001   PAD
    0x20000004   0x00000004   Data   RW          217    .data               systick.o
    0x20000008   0x00000024   Data   RW          268    .data               can.o
    0x2000002c   0x00000001   Data   RW          306    .data               drive.o
    0x2000002d   0x00000001   Data   RW          426    .data               drive_common.o
    0x2000002e   0x00000001   Data   RW          427    .data               drive_common.o
    0x2000002f   0x00000001   Data   RW          429    .data               drive_common.o
    0x20000030   0x00000050   Data   RW          707    .data               cpg.o
    0x20000080   0x00000048   Data   RW          741    .data               drive_cpg.o
    0x200000c8   0x00000008   Data   RW          987    .data               ff.o
    0x200000d0   0x00000014   Data   RW         1236    .data               sdio_sdcard.o
    0x200000e4   0x00000001   Data   RW         1423    .data               sampling.o
    0x200000e5   0x00000003   PAD
    0x200000e8   0x0000000c   Data   RW         1425    .data               sampling.o
    0x200000f4   0x00000014   Data   RW         3095    .data               stm32f10x_rcc.o
    0x20000108   0x00000004   Data   RW         4860    .data               mc_w.l(errno.o)
    0x2000010c   0x00000028   Zero   RW          267    .bss                can.o
    0x20000134   0x000000c4   Zero   RW         1235    .bss                sdio_sdcard.o
    0x200001f8   0x00001598   Zero   RW         1422    .bss                sampling.o
    0x20001790   0x00000400   Zero   RW         4478    STACK               startup_stm32f10x_hd.o


==============================================================================

Image component sizes


      Code (inc. data)   RO Data    RW Data    ZI Data      Debug   Object Name

       428         38          0         36         40       2928   can.o
       156         18     176320          0          0       4795   cc936.o
       604         24          0         80          0       2119   cpg.o
       140          0          0          0          0       4304   diskio.o
      1472        188          0          1          0       6207   drive.o
      8764        576          0          3          0      26244   drive_common.o
       788        116          0         72          0       4258   drive_cpg.o
      5054         62         13          8          0      28847   ff.o
      1124        172          0          0          0       6380   gait.o
        84         10          0          0          0        494   led.o
       708        334          0          0          0     290307   main.o
       120         16          0          0          0       1563   misc.o
       528         44          0          3          0       3693   rs232.o
      1528        412          0         13       5528       5563   sampling.o
      3564        206          0         20        196      21540   sdio_sdcard.o
        36          8        304          0       1024        868   startup_stm32f10x_hd.o
       854         20          0          0          0       6580   stm32f10x_can.o
       136         16          0          0          0       4025   stm32f10x_dma.o
       258          6          0          0          0       3798   stm32f10x_gpio.o
       264         46          0         20          0       6368   stm32f10x_rcc.o
       336         82          0          0          0      10011   stm32f10x_sdio.o
       222         42          0          0          0       4577   stm32f10x_tim.o
       332          6          0          0          0       6369   stm32f10x_usart.o
       248         24          0          0          0       1689   system_stm32f10x.o
        84         10          0          4          0       1178   systick.o
       148         14          0          0          0       1095   timer.o

    ----------------------------------------------------------------------
     28010       2490     176670        264       6788     455800   Object Totals
         0          0         32          0          0          0   (incl. Generated)
        30          0          1          4          0          0   (incl. Padding)

    ----------------------------------------------------------------------

      Code (inc. data)   RO Data    RW Data    ZI Data      Debug   Library Member Name

       156          8          0          0          0        104   cos.o
       252         22         48          0          0        124   cos_i.o
        34          6          0          0          0        204   dunder.o
        40          0          0          0          0         68   fpclassify.o
       170          0          0          0          0         96   poly.o
       904         76        200          0          0        140   rred.o
       160         10          0          0          0        108   sin.o
       236         12         40          0          0        128   sin_i.o
         0          0          0          0          0          0   entry.o
         0          0          0          0          0          0   entry10a.o
         0          0          0          0          0          0   entry11a.o
         8          4          0          0          0          0   entry2.o
         4          0          0          0          0          0   entry5.o
         0          0          0          0          0          0   entry7b.o
         0          0          0          0          0          0   entry8b.o
         8          4          0          0          0          0   entry9a.o
        12          6          0          4          0         68   errno.o
        30          0          0          0          0          0   handlers.o
        36          8          0          0          0         68   init.o
         0          0          0          0          0          0   iusefp.o
        30          0          0          0          0         68   llshl.o
        36          0          0          0          0         68   llsshr.o
        32          0          0          0          0         68   llushr.o
       390         10          0          0          0        252   printf1.o
        14          0          0          0          0         68   strlen.o
        44          0          0          0          0         80   uidiv.o
        20          0          0          0          0         68   cfcmple.o
        20          0          0          0          0         68   cfrcmple.o
        56          0          0          0          0         88   d2f.o
       334          0          0          0          0        148   dadd.o
       222          0          0          0          0        100   ddiv.o
       186          0          0          0          0        176   depilogue.o
        62          0          0          0          0         80   dfixi.o
        50          0          0          0          0         76   dfixui.o
        34          0          0          0          0         76   dflti.o
        26          0          0          0          0         76   dfltui.o
       228          0          0          0          0         96   dmul.o
        46          0          0          0          0         80   dscalb.o
        38          0          0          0          0         68   f2d.o
       176          0          0          0          0        140   fadd.o
       124          0          0          0          0         88   fdiv.o
       110          0          0          0          0        168   fepilogue.o
        40          0          0          0          0         68   ffixui.o
        10          0          0          0          0         68   ffltui.o
       100          0          0          0          0         76   fmul.o
        24          0          0          0          0         68   fscalb.o

    ----------------------------------------------------------------------
      4512        166        288          4          0       3588   Library Totals
        10          0          0          0          0          0   (incl. Padding)

    ----------------------------------------------------------------------

      Code (inc. data)   RO Data    RW Data    ZI Data      Debug   Library Name

      1952        134        288          0          0        972   m_ws.l
       644         32          0          4          0        740   mc_w.l
      1906          0          0          0          0       1876   mf_w.l

    ----------------------------------------------------------------------
      4512        166        288          4          0       3588   Library Totals

    ----------------------------------------------------------------------

==============================================================================


      Code (inc. data)   RO Data    RW Data    ZI Data      Debug   

     32522       2656     176958        268       6788     446800   Grand Totals
     32522       2656     176958        268       6788     446800   ELF Image Totals
     32522       2656     176958        268          0          0   ROM Totals

==============================================================================

    Total RO  Size (Code + RO Data)               209480 ( 204.57kB)
    Total RW  Size (RW Data + ZI Data)              7056 (   6.89kB)
    Total ROM Size (Code + RO Data + RW Data)     209748 ( 204.83kB)

==============================================================================

