<html>
<body>
<pre>
<h1>礦ision Build Log</h1>
<h2>Tool Versions:</h2>
IDE-Version: μVision V5.22.0.0
Copyright (C) 2016 ARM Ltd and ARM Germany GmbH. All rights reserved.
License Information: Wang Zhi, Microsoft, LIC=X1EY8-37EY8-9YIVW-Q8CCX-14VUY-3ESVA
 
Tool Versions:
Toolchain:       MDK-ARM Professional  Version: 5.22
Toolchain Path:  C:\Keil_v5\ARM\ARMCC\Bin
C Compiler:      Armcc.exe V5.06 update 4 (build 422)
Assembler:       Armasm.exe V5.06 update 4 (build 422)
Linker/Locator:  ArmLink.exe V5.06 update 4 (build 422)
Library Manager: ArmAr.exe V5.06 update 4 (build 422)
Hex Converter:   FromElf.exe V5.06 update 4 (build 422)
CPU DLL:         SARMCM3.DLL V5.22
Dialog DLL:      DCM.DLL V1.13.9.0
Target DLL:      UL2CM3.DLL V1.159.0.0
Dialog DLL:      TCM.DLL V1.21.0.0
 
<h2>Project:</h2>
C:\Users\WHUTWZH\Desktop\STM32开发板资料\0909\Project\Project.uvprojx
Project File Date:  08/14/2019

<h2>Output:</h2>
*** Using Compiler 'V5.06 update 4 (build 422)', folder: 'C:\Keil_v5\ARM\ARMCC\Bin'
Build target 'STM3210E-XLH'
compiling SysTick.c...
compiling RS232.C...
..\User\src\RS232.C(137): warning:  #167-D: argument of type "u8 *" is incompatible with parameter of type "const char *"
  	length=strlen(tdata);
..\User\src\RS232.C: 1 warning, 0 errors
compiling main.c...
compiling LED.C...
compiling can.c...
compiling Drive.c...
compiling CPG.c...
compiling Drive_CPG.c...
compiling Drive_common.c...
compiling cc936.c...
compiling gait.c...
compiling diskio.c...
compiling ff.c...
compiling sampling.c...
..\User\src\sampling.c(157): warning:  #167-D: argument of type "BYTE *" is incompatible with parameter of type "char *restrict"
  			sprintf(CurrentTemp,"\r\n-%d",ActualCurrent);		
..\User\src\sampling.c(160): warning:  #167-D: argument of type "BYTE *" is incompatible with parameter of type "char *restrict"
  			sprintf(CurrentTemp,"\r\n%d",ActualCurrent);
..\User\src\sampling.c(162): warning:  #167-D: argument of type "BYTE *" is incompatible with parameter of type "char *restrict"
  		sprintf(uTimeTemp,"\r\n%d",uTime);
..\User\src\sampling.c(163): warning:  #167-D: argument of type "BYTE *" is incompatible with parameter of type "char *restrict"
  		sprintf(uSpeedTemp,"\r\n%d",Motor4_Speed);		
..\User\src\sampling.c(177): warning:  #167-D: argument of type "BYTE *" is incompatible with parameter of type "char *restrict"
  			sprintf(CurrentTemp,"\r\n-%d",ActualCurrent);		
..\User\src\sampling.c(180): warning:  #167-D: argument of type "BYTE *" is incompatible with parameter of type "char *restrict"
  			sprintf(CurrentTemp,"\r\n%d",ActualCurrent);
..\User\src\sampling.c(182): warning:  #167-D: argument of type "BYTE *" is incompatible with parameter of type "char *restrict"
  		sprintf(uTimeTemp,"\r\n%d",uTime);
..\User\src\sampling.c(183): warning:  #167-D: argument of type "BYTE *" is incompatible with parameter of type "char *restrict"
  		sprintf(uSpeedTemp,"\r\n%d",Motor5_Speed);		
..\User\src\sampling.c(197): warning:  #167-D: argument of type "BYTE *" is incompatible with parameter of type "char *restrict"
  			sprintf(CurrentTemp,"\r\n-%d",ActualCurrent);		
..\User\src\sampling.c(200): warning:  #167-D: argument of type "BYTE *" is incompatible with parameter of type "char *restrict"
  			sprintf(CurrentTemp,"\r\n%d",ActualCurrent);
..\User\src\sampling.c(202): warning:  #167-D: argument of type "BYTE *" is incompatible with parameter of type "char *restrict"
  		sprintf(uTimeTemp,"\r\n%d",uTime);
..\User\src\sampling.c(203): warning:  #167-D: argument of type "BYTE *" is incompatible with parameter of type "char *restrict"
  		sprintf(uSpeedTemp,"\r\n%d",Motor4_Speed);		
..\User\src\sampling.c: 12 warnings, 0 errors
compiling sdio_sdcard.c...
compiling misc.c...
compiling Timer.c...
compiling stm32f10x_adc.c...
compiling stm32f10x_bkp.c...
compiling stm32f10x_cec.c...
compiling stm32f10x_can.c...
compiling stm32f10x_crc.c...
compiling stm32f10x_dac.c...
compiling stm32f10x_dbgmcu.c...
compiling stm32f10x_dma.c...
compiling stm32f10x_exti.c...
compiling stm32f10x_flash.c...
compiling stm32f10x_fsmc.c...
compiling stm32f10x_gpio.c...
compiling stm32f10x_i2c.c...
compiling stm32f10x_iwdg.c...
compiling stm32f10x_pwr.c...
compiling stm32f10x_rcc.c...
compiling stm32f10x_rtc.c...
compiling stm32f10x_sdio.c...
compiling stm32f10x_spi.c...
compiling stm32f10x_wwdg.c...
compiling stm32f10x_usart.c...
compiling stm32f10x_tim.c...
assembling startup_stm32f10x_hd.s...
compiling system_stm32f10x.c...
compiling core_cm3.c...
linking...
Program Size: Code=32522 RO-data=176958 RW-data=268 ZI-data=6788  
".\OBJ\obj.axf" - 0 Error(s), 13 Warning(s).

<h2>Software Packages used:</h2>

Package Vendor: ARM
                http://www.keil.com/pack/ARM.CMSIS.5.0.0.pack
                ARM::CMSIS:CORE:5.0.0
                CMSIS (Cortex Microcontroller Software Interface Standard)
   * Component: CORE Version: 5.0.0

<h2>Collection of Component include folders:</h2>
  C:\Users\WHUTWZH\Desktop\STM32开发板资料\0909\Project\RTE\_STM3210E-XLH
  C:\Keil_v5\ARM\PACK\ARM\CMSIS\5.0.0\CMSIS\Include
  C:\Keil_v5\ARM\PACK\Keil\STM32F1xx_DFP\2.2.0\Device\Include

<h2>Collection of Component Files used:</h2>

   * Component: ARM::CMSIS:CORE:5.0.0
Build Time Elapsed:  00:00:31
</pre>
</body>
</html>
